 addon

 Timestamp is 584a9e8a (Fri Dec  9 15:07:38 2016)

 Preferred load address is 0000000180000000

 Start         Length     Name                   Class
 0001:00000000 0000fd30H .text$mn                CODE
 0001:0000fd30 00000020H .text$mn$00             CODE
 0001:0000fd50 00000260H .text$x                 CODE
 0002:00000000 00000270H .idata$5                DATA
 0002:00000270 00000010H .00cfg                  DATA
 0002:00000280 00000008H .CRT$XCA                DATA
 0002:00000288 00000008H .CRT$XCU                DATA
 0002:00000290 00000008H .CRT$XCZ                DATA
 0002:00000298 00000008H .CRT$XIA                DATA
 0002:000002a0 00000018H .CRT$XIC                DATA
 0002:000002b8 00000008H .CRT$XIZ                DATA
 0002:000002c0 00000008H .CRT$XPA                DATA
 0002:000002c8 00000010H .CRT$XPX                DATA
 0002:000002d8 00000008H .CRT$XPXA               DATA
 0002:000002e0 00000008H .CRT$XPZ                DATA
 0002:000002e8 00000008H .CRT$XTA                DATA
 0002:000002f0 00000010H .CRT$XTZ                DATA
 0002:00000300 00007298H .rdata                  DATA
 0002:00007598 00000384H .rdata$r                DATA
 0002:0000791c 000003dcH .rdata$zzzdbg           DATA
 0002:00007cf8 00000008H .rtc$IAA                DATA
 0002:00007d00 00000008H .rtc$IZZ                DATA
 0002:00007d08 00000008H .rtc$TAA                DATA
 0002:00007d10 00000008H .rtc$TZZ                DATA
 0002:00007d18 00000b90H .xdata                  DATA
 0002:000088a8 000001e4H .xdata$x                DATA
 0002:00008a8c 00000020H .didat$2                DATA
 0002:00008aac 00000024H .didat$3                DATA
 0002:00008ad0 000000a0H .didat$4                DATA
 0002:00008b70 00000458H .didat$6                DATA
 0002:00008fc8 000000a8H .didat$7                DATA
 0002:00009070 00000050H .edata                  DATA
 0002:000090c0 00000028H .idata$2                DATA
 0002:000090e8 00000018H .idata$3                DATA
 0002:00009100 00000270H .idata$4                DATA
 0002:00009370 0000058aH .idata$6                DATA
 0003:00000000 000019a0H .data                   DATA
 0003:000019a0 00000118H .data$r                 DATA
 0003:00001ab8 000000a8H .didat$5                DATA
 0003:00001b60 000011f0H .bss                    DATA
 0004:00000000 00001164H .pdata                  DATA
 0005:00000000 00000080H .gfids$x                DATA
 0005:00000080 00000048H .gfids$y                DATA
 0006:00000000 00000060H .rsrc$01                DATA
 0006:00000060 00000180H .rsrc$02                DATA

  Address         Publics by Value              Rva+Base               Lib:Object

 0000:00000000       __guard_iat_table          0000000000000000     <absolute>
 0000:00000000       __dynamic_value_reloc_table 0000000000000000     <absolute>
 0000:00000000       __guard_iat_count          0000000000000000     <absolute>
 0000:00000000       __guard_longjmp_table      0000000000000000     <absolute>
 0000:00000000       __guard_longjmp_count      0000000000000000     <absolute>
 0000:00000000       __guard_fids_count         0000000000000000     <absolute>
 0000:00000000       ___safe_se_handler_table   0000000000000000     <absolute>
 0000:00000000       ___safe_se_handler_count   0000000000000000     <absolute>
 0000:00000000       __guard_fids_table         0000000000000000     <absolute>
 0000:00000100       __guard_flags              0000000000000100     <absolute>
 0000:00000000       __ImageBase                0000000180000000     <linker-defined>
 0001:00000000       ?CreateKeyString@@YAXPEADGPEBDK@Z 0000000180001000 f   blowfish.obj
 0001:000002c0       ?blowfishEncrypt@@YAXPEAUBLOWFISH_KEY@@PEAE@Z 00000001800012c0 f   blowfish.obj
 0001:00000d40       ?blowfishEncryptECB@@YAHPEAUBLOWFISH_KEY@@PEAEH@Z 0000000180001d40 f   blowfish.obj
 0001:00000dc0       ?blowfishKeyInit@@YAXPEAUBLOWFISH_KEY@@PEAEH@Z 0000000180001dc0 f   blowfish.obj
 0001:00001230       ?ret8len@@YAGGG@Z          0000000180002230 f   blowfish.obj
 0001:00001440       ?MD5Final@@YAXQEAEPEAUMD5_CTX@@@Z 0000000180002440 f   Md5c.obj
 0001:00001530       ?MD5Init@@YAXPEAUMD5_CTX@@@Z 0000000180002530 f   Md5c.obj
 0001:00002d60       ?MD5Update@@YAXPEAUMD5_CTX@@PEAEI@Z 0000000180003d60 f   Md5c.obj
 0001:00002f20       ?get_digest@@YAXPEAD0PEBD@Z 0000000180003f20 f   Md5c.obj
 0001:000030a0       ?init@asyncAddon@@YAXV?$Local@VObject@v8@@@v8@@@Z 00000001800040a0 f   test.obj
 0001:00003100       ??$?0$$V@?$_Compressed_pair@U?$_Wrap_alloc@V?$allocator@D@std@@@std@@V?$_String_val@U?$_Simple_types@D@std@@@2@$00@std@@QEAA@U_Zero_then_variadic_args_t@1@@Z 0000000180004100 f i test.obj
 0001:00003130       ??$?0VString@v8@@@?$Local@VValue@v8@@@v8@@QEAA@V?$Local@VString@v8@@@1@@Z 0000000180004130 f i test.obj
 0001:00003130       ??$?0VPrimitive@v8@@@?$Local@VValue@v8@@@v8@@QEAA@V?$Local@VPrimitive@v8@@@1@@Z 0000000180004130 f i test.obj
 0001:00003130       ??$?0VFunction@v8@@@?$Local@VValue@v8@@@v8@@QEAA@V?$Local@VFunction@v8@@@1@@Z 0000000180004130 f i test.obj
 0001:00003130       ??$?0VNumber@v8@@@?$Local@VValue@v8@@@v8@@QEAA@V?$Local@VNumber@v8@@@1@@Z 0000000180004130 f i test.obj
 0001:00003170       ??$Cast@VValue@v8@@@?$Local@VFunction@v8@@@v8@@SA?AV01@V?$Local@VValue@v8@@@1@@Z 0000000180004170 f i test.obj
 0001:000031b0       ??$Set@VString@v8@@@?$ReturnValue@VValue@v8@@@v8@@QEAAXV?$Local@VString@v8@@@1@@Z 00000001800041b0 f i test.obj
 0001:000031b0       ??$Set@VObject@v8@@@?$ReturnValue@VValue@v8@@@v8@@QEAAXV?$Local@VObject@v8@@@1@@Z 00000001800041b0 f i test.obj
 0001:00003220       ?_Get_second@?$_Compressed_pair@U?$_Wrap_alloc@V?$allocator@D@std@@@std@@V?$_String_val@U?$_Simple_types@D@std@@@2@$00@std@@QEBAAEBV?$_String_val@U?$_Simple_types@D@std@@@2@XZ 0000000180004220 f i test.obj
 0001:00003220       ??$addressof@PEAD@std@@YAPEAPEADAEAPEAD@Z 0000000180004220 f i test.obj
 0001:00003220       ?_Get_first@?$_Compressed_pair@U?$_Wrap_alloc@V?$allocator@D@std@@@std@@V?$_String_val@U?$_Simple_types@D@std@@@2@$00@std@@QEBAAEBU?$_Wrap_alloc@V?$allocator@D@std@@@2@XZ 0000000180004220 f i test.obj
 0001:00003220       ??$forward@AEAPEAD@std@@YAAEAPEADAEAPEAD@Z 0000000180004220 f i test.obj
 0001:00003220       ?_Get_first@?$_Compressed_pair@U?$_Wrap_alloc@V?$allocator@D@std@@@std@@V?$_String_val@U?$_Simple_types@D@std@@@2@$00@std@@QEAAAEAU?$_Wrap_alloc@V?$allocator@D@std@@@2@XZ 0000000180004220 f i test.obj
 0001:00003220       ??0_Bxty@?$_String_val@U?$_Simple_types@D@std@@@std@@QEAA@XZ 0000000180004220 f i test.obj
 0001:00003220       ??$_Unfancy@D@std@@YAPEADPEAD@Z 0000000180004220 f i test.obj
 0001:00003220       ??0?$allocator@D@std@@QEAA@XZ 0000000180004220 f i test.obj
 0001:00003220       ?_Get_second@?$_Compressed_pair@U?$_Wrap_alloc@V?$allocator@D@std@@@std@@V?$_String_val@U?$_Simple_types@D@std@@@2@$00@std@@QEAAAEAV?$_String_val@U?$_Simple_types@D@std@@@2@XZ 0000000180004220 f i test.obj
 0001:00003230       ??$construct@PEADAEAPEAD@?$_Wrap_alloc@V?$allocator@D@std@@@std@@QEAAXPEAPEADAEAPEAD@Z 0000000180004230 f i test.obj
 0001:00003270       ??$construct@PEADAEAPEAD@?$allocator@D@std@@QEAAXPEAPEADAEAPEAD@Z 0000000180004270 f i test.obj
 0001:000032d0       ??$construct@PEADAEAPEAD@?$allocator_traits@V?$allocator@D@std@@@std@@SAXAEAV?$allocator@D@1@PEAPEADAEAPEAD@Z 00000001800042d0 f i test.obj
 0001:00003310       ??$destroy@PEAD@?$_Wrap_alloc@V?$allocator@D@std@@@std@@QEAAXPEAPEAD@Z 0000000180004310 f i test.obj
 0001:00003340       ??$destroy@PEAD@?$allocator@D@std@@QEAAXPEAPEAD@Z 0000000180004340 f i test.obj
 0001:00003350       ??$destroy@PEAD@?$allocator_traits@V?$allocator@D@std@@@std@@SAXAEAV?$allocator@D@1@PEAPEAD@Z 0000000180004350 f i test.obj
 0001:00003380       ??0?$Local@VValue@v8@@@v8@@AEAA@PEAVValue@1@@Z 0000000180004380 f i test.obj
 0001:00003380       ??0?$ReturnValue@VValue@v8@@@v8@@AEAA@PEAPEAVObject@internal@1@@Z 0000000180004380 f i test.obj
 0001:00003380       ??0?$Local@VPrimitive@v8@@@v8@@AEAA@PEAVPrimitive@1@@Z 0000000180004380 f i test.obj
 0001:00003380       ??0?$Local@VFunction@v8@@@v8@@AEAA@PEAVFunction@1@@Z 0000000180004380 f i test.obj
 0001:000033a0       ??0?$Local@VSignature@v8@@@v8@@QEAA@XZ 00000001800043a0 f i test.obj
 0001:000033a0       ??0?$Local@VValue@v8@@@v8@@QEAA@XZ 00000001800043a0 f i test.obj
 0001:000033c0       ??0?$_String_alloc@U?$_String_base_types@DV?$allocator@D@std@@@std@@@std@@QEAA@XZ 00000001800043c0 f i test.obj
 0001:000033f0       ??0?$_String_val@U?$_Simple_types@D@std@@@std@@QEAA@XZ 00000001800043f0 f i test.obj
 0001:00003430       ??0?$_Wrap_alloc@V?$allocator@D@std@@@std@@QEAA@XZ 0000000180004430 f i test.obj
 0001:00003450       ??0?$basic_string@DU?$char_traits@D@std@@V?$allocator@D@2@@std@@QEAA@PEBD@Z 0000000180004450 f i test.obj
 0001:00003490       ??1?$_Compressed_pair@U?$_Wrap_alloc@V?$allocator@D@std@@@std@@V?$_String_val@U?$_Simple_types@D@std@@@2@$00@std@@QEAA@XZ 0000000180004490 f i test.obj
 0001:000034b0       ??1?$_String_alloc@U?$_String_base_types@DV?$allocator@D@std@@@std@@@std@@QEAA@XZ 00000001800044b0 f i test.obj
 0001:000034d0       ??1?$_String_val@U?$_Simple_types@D@std@@@std@@QEAA@XZ 00000001800044d0 f i test.obj
 0001:000034f0       ??1?$basic_string@DU?$char_traits@D@std@@V?$allocator@D@2@@std@@QEAA@XZ 00000001800044f0 f i test.obj
 0001:00003520       ??2@YAPEAX_KPEAX@Z         0000000180004520 f i test.obj
 0001:00003530       ??A?$FunctionCallbackInfo@VValue@v8@@@v8@@QEBA?AV?$Local@VValue@v8@@@1@H@Z 0000000180004530 f i test.obj
 0001:000035c0       ??D?$Local@VPrimitive@v8@@@v8@@QEBAPEAVPrimitive@1@XZ 00000001800045c0 f i test.obj
 0001:000035c0       ??D?$Local@VFunction@v8@@@v8@@QEBAPEAVFunction@1@XZ 00000001800045c0 f i test.obj
 0001:000035c0       ??C?$Local@VFunctionTemplate@v8@@@v8@@QEBAPEAVFunctionTemplate@1@XZ 00000001800045c0 f i test.obj
 0001:000035c0       ??C?$Local@VObject@v8@@@v8@@QEBAPEAVObject@1@XZ 00000001800045c0 f i test.obj
 0001:000035c0       ??C?$Local@VFunction@v8@@@v8@@QEBAPEAVFunction@1@XZ 00000001800045c0 f i test.obj
 0001:000035c0       ??D?$Local@VObject@v8@@@v8@@QEBAPEAVObject@1@XZ 00000001800045c0 f i test.obj
 0001:000035c0       ??C?$Local@VValue@v8@@@v8@@QEBAPEAVValue@1@XZ 00000001800045c0 f i test.obj
 0001:000035c0       ??D?$Local@VString@v8@@@v8@@QEBAPEAVString@1@XZ 00000001800045c0 f i test.obj
 0001:000035c0       ??D?$Local@VNumber@v8@@@v8@@QEBAPEAVNumber@1@XZ 00000001800045c0 f i test.obj
 0001:000035c0       ??D?$Local@VValue@v8@@@v8@@QEBAPEAVValue@1@XZ 00000001800045c0 f i test.obj
 0001:000035d0       ?CheckInitialized@Internals@internal@v8@@SAXPEAVIsolate@3@@Z 00000001800045d0 f i test.obj
 0001:000035d0       ??1_Bxty@?$_String_val@U?$_Simple_types@D@std@@@std@@QEAA@XZ 00000001800045d0 f i test.obj
 0001:000035e0       ?GetDefaultValue@?$ReturnValue@VValue@v8@@@v8@@AEAAPEAVObject@internal@2@XZ 00000001800045e0 f i test.obj
 0001:00003600       ?GetIsolate@?$FunctionCallbackInfo@VValue@v8@@@v8@@QEBAPEAVIsolate@2@XZ 0000000180004600 f i test.obj
 0001:00003620       ?GetReturnValue@?$FunctionCallbackInfo@VValue@v8@@@v8@@QEBA?AV?$ReturnValue@VValue@v8@@@2@XZ 0000000180004620 f i test.obj
 0001:00003660       ?GetRoot@Internals@internal@v8@@SAPEAPEAVObject@23@PEAVIsolate@3@H@Z 0000000180004660 f i test.obj
 0001:000036a0       ?IsEmpty@?$Local@VString@v8@@@v8@@QEBA_NXZ 00000001800046a0 f i test.obj
 0001:000036a0       ?IsEmpty@?$Local@VObject@v8@@@v8@@QEBA_NXZ 00000001800046a0 f i test.obj
 0001:000036d0       ?Method@asyncAddon@@YAXAEBV?$FunctionCallbackInfo@VValue@v8@@@v8@@@Z 00000001800046d0 f   test.obj
 0001:00003d80       ?NODE_SET_METHOD@node@@YAXV?$Local@VObject@v8@@@v8@@PEBDP6AXAEBV?$FunctionCallbackInfo@VValue@v8@@@3@@Z@Z 0000000180004d80 f i test.obj
 0001:00003ee0       ?Null@v8@@YA?AV?$Local@VPrimitive@v8@@@1@PEAVIsolate@1@@Z 0000000180004ee0 f i test.obj
 0001:00003f30       ?Undefined@v8@@YA?AV?$Local@VPrimitive@v8@@@1@PEAVIsolate@1@@Z 0000000180004f30 f i test.obj
 0001:00003f80       ?_Allocate@std@@YAPEAX_K0_N@Z 0000000180004f80 f i test.obj
 0001:00004080       ?_Bx@?$_String_alloc@U?$_String_base_types@DV?$allocator@D@std@@@std@@@std@@QEAAAEAT_Bxty@?$_String_val@U?$_Simple_types@D@std@@@2@XZ 0000000180005080 f i test.obj
 0001:000040a0       ?_Check_offset@?$basic_string@DU?$char_traits@D@std@@V?$allocator@D@2@@std@@QEBAX_K@Z 00000001800050a0 f i test.obj
 0001:000040e0       ?_Clamp_suffix_size@?$basic_string@DU?$char_traits@D@std@@V?$allocator@D@2@@std@@QEBA_K_K0@Z 00000001800050e0 f i test.obj
 0001:00004130       ?_Copy@?$basic_string@DU?$char_traits@D@std@@V?$allocator@D@2@@std@@QEAAX_K0@Z 0000000180005130 f i test.obj
 0001:000043b0       ?_Deallocate@std@@YAXPEAX_K1@Z 00000001800053b0 f i test.obj
 0001:000044a0       ?_Eos@?$basic_string@DU?$char_traits@D@std@@V?$allocator@D@2@@std@@QEAAX_K@Z 00000001800054a0 f i test.obj
 0001:00004500       ?_Getal@?$_String_alloc@U?$_String_base_types@DV?$allocator@D@std@@@std@@@std@@QEAAAEAU?$_Wrap_alloc@V?$allocator@D@std@@@2@XZ 0000000180005500 f i test.obj
 0001:00004500       ?_Getal@?$_String_alloc@U?$_String_base_types@DV?$allocator@D@std@@@std@@@std@@QEBAAEBU?$_Wrap_alloc@V?$allocator@D@std@@@2@XZ 0000000180005500 f i test.obj
 0001:00004500       ?_Get_data@?$_String_alloc@U?$_String_base_types@DV?$allocator@D@std@@@std@@@std@@QEBAAEBV?$_String_val@U?$_Simple_types@D@std@@@2@XZ 0000000180005500 f i test.obj
 0001:00004500       ?_Get_data@?$_String_alloc@U?$_String_base_types@DV?$allocator@D@std@@@std@@@std@@QEAAAEAV?$_String_val@U?$_Simple_types@D@std@@@2@XZ 0000000180005500 f i test.obj
 0001:00004520       ?_Grow@?$basic_string@DU?$char_traits@D@std@@V?$allocator@D@2@@std@@QEAA_N_K_N@Z 0000000180005520 f i test.obj
 0001:00004610       ?_Inside@?$basic_string@DU?$char_traits@D@std@@V?$allocator@D@2@@std@@QEAA_NPEBD@Z 0000000180005610 f i test.obj
 0001:00004670       ?_Myptr@?$_String_alloc@U?$_String_base_types@DV?$allocator@D@std@@@std@@@std@@QEBAPEBDXZ 0000000180005670 f i test.obj
 0001:00004670       ?_Myptr@?$_String_alloc@U?$_String_base_types@DV?$allocator@D@std@@@std@@@std@@QEAAPEADXZ 0000000180005670 f i test.obj
 0001:00004690       ?_Myptr@?$_String_val@U?$_Simple_types@D@std@@@std@@QEAAPEADXZ 0000000180005690 f i test.obj
 0001:00004690       ?_Myptr@?$_String_val@U?$_Simple_types@D@std@@@std@@QEBAPEBDXZ 0000000180005690 f i test.obj
 0001:000046d0       ?_Myres@?$_String_alloc@U?$_String_base_types@DV?$allocator@D@std@@@std@@@std@@QEAAAEA_KXZ 00000001800056d0 f i test.obj
 0001:000046f0       ?_Mysize@?$_String_alloc@U?$_String_base_types@DV?$allocator@D@std@@@std@@@std@@QEAAAEA_KXZ 00000001800056f0 f i test.obj
 0001:000046f0       ?_Mysize@?$_String_alloc@U?$_String_base_types@DV?$allocator@D@std@@@std@@@std@@QEBAAEB_KXZ 00000001800056f0 f i test.obj
 0001:00004710       ?_Tidy@?$basic_string@DU?$char_traits@D@std@@V?$allocator@D@2@@std@@QEAAX_N_K@Z 0000000180005710 f i test.obj
 0001:00004820       ?_Xlen@?$basic_string@DU?$char_traits@D@std@@V?$allocator@D@2@@std@@QEBAXXZ 0000000180005820 f i test.obj
 0001:00004840       ?_Xran@?$basic_string@DU?$char_traits@D@std@@V?$allocator@D@2@@std@@QEBAXXZ 0000000180005840 f i test.obj
 0001:00004860       ?allocate@?$_Wrap_alloc@V?$allocator@D@std@@@std@@QEAAPEAD_K@Z 0000000180005860 f i test.obj
 0001:00004890       ?allocate@?$allocator@D@std@@QEAAPEAD_K@Z 0000000180005890 f i test.obj
 0001:000048c0       ?assign@?$basic_string@DU?$char_traits@D@std@@V?$allocator@D@2@@std@@QEAAAEAV12@AEBV12@_K1@Z 00000001800058c0 f i test.obj
 0001:000049b0       ?assign@?$basic_string@DU?$char_traits@D@std@@V?$allocator@D@2@@std@@QEAAAEAV12@PEBD@Z 00000001800059b0 f i test.obj
 0001:000049e0       ?assign@?$basic_string@DU?$char_traits@D@std@@V?$allocator@D@2@@std@@QEAAAEAV12@PEBD_K@Z 00000001800059e0 f i test.obj
 0001:00004a90       ?assign@?$char_traits@D@std@@SAXAEADAEBD@Z 0000000180005a90 f i test.obj
 0001:00004ab0       ?c_str@?$basic_string@DU?$char_traits@D@std@@V?$allocator@D@2@@std@@QEBAPEBDXZ 0000000180005ab0 f i test.obj
 0001:00004ad0       ?move@?$char_traits@D@std@@SAPEADPEADPEBD_K@Z 0000000180005ad0 f i test.obj
 0001:00004ad0       ?copy@?$char_traits@D@std@@SAPEADPEADPEBD_K@Z 0000000180005ad0 f i test.obj
 0001:00004b20       ?deallocate@?$_Wrap_alloc@V?$allocator@D@std@@@std@@QEAAXPEAD_K@Z 0000000180005b20 f i test.obj
 0001:00004b50       ?deallocate@?$allocator@D@std@@QEAAXPEAD_K@Z 0000000180005b50 f i test.obj
 0001:00004b80       ?erase@?$basic_string@DU?$char_traits@D@std@@V?$allocator@D@2@@std@@QEAAAEAV12@_K0@Z 0000000180005b80 f i test.obj
 0001:00004c50       ?erase@?$basic_string@DU?$char_traits@D@std@@V?$allocator@D@2@@std@@QEAAAEAV12@_K@Z 0000000180005c50 f i test.obj
 0001:00004c90       ?length@?$char_traits@D@std@@SA_KPEBD@Z 0000000180005c90 f i test.obj
 0001:00004cd0       ?max_size@?$_Wrap_alloc@V?$allocator@D@std@@@std@@QEBA_KU_Nil@2@@Z 0000000180005cd0 f i test.obj
 0001:00004cf0       ?max_size@?$allocator@D@std@@QEBA_KXZ 0000000180005cf0 f i test.obj
 0001:00004d00       ?max_size@?$allocator_traits@V?$allocator@D@std@@@std@@SA_KAEBV?$allocator@D@2@@Z 0000000180005d00 f i test.obj
 0001:00004d20       ?max_size@?$basic_string@DU?$char_traits@D@std@@V?$allocator@D@2@@std@@QEBA_KXZ 0000000180005d20 f i test.obj
 0001:00004d70       ?size@?$basic_string@DU?$char_traits@D@std@@V?$allocator@D@2@@std@@QEBA_KXZ 0000000180005d70 f i test.obj
 0001:00004d90       ?step2@asyncAddon@@YAXAEBV?$FunctionCallbackInfo@VValue@v8@@@v8@@@Z 0000000180005d90 f   test.obj
 0001:000050e5       __imp_load_??0HandleScope@v8@@QEAA@PEAVIsolate@1@@Z 00000001800060e5 f   node:node.exe
 0001:000050f1       __tailMerge_node_exe       00000001800060f1 f i node:node.exe
 0001:0000516a       __imp_load_??1HandleScope@v8@@QEAA@XZ 000000018000616a f   node:node.exe
 0001:00005176       __imp_load_?ToString@Value@v8@@QEBA?AV?$Local@VString@v8@@@2@XZ 0000000180006176 f   node:node.exe
 0001:00005182       __imp_load_?NumberValue@Value@v8@@QEBANXZ 0000000180006182 f   node:node.exe
 0001:0000518e       __imp_load_?NewFromUtf8@String@v8@@SA?AV?$Local@VString@v8@@@2@PEAVIsolate@2@PEBDW4NewStringType@12@H@Z 000000018000618e f   node:node.exe
 0001:0000519a       __imp_load_??0Utf8Value@String@v8@@QEAA@V?$Local@VValue@v8@@@2@@Z 000000018000619a f   node:node.exe
 0001:000051a6       __imp_load_??1Utf8Value@String@v8@@QEAA@XZ 00000001800061a6 f   node:node.exe
 0001:000051b2       __imp_load_??DUtf8Value@String@v8@@QEAAPEADXZ 00000001800061b2 f   node:node.exe
 0001:000051be       __imp_load_?New@Number@v8@@SA?AV?$Local@VNumber@v8@@@2@PEAVIsolate@2@N@Z 00000001800061be f   node:node.exe
 0001:000051ca       __imp_load_?Set@Object@v8@@QEAA_NV?$Local@VValue@v8@@@2@0@Z 00000001800061ca f   node:node.exe
 0001:000051d6       __imp_load_?New@Object@v8@@SA?AV?$Local@VObject@v8@@@2@PEAVIsolate@2@@Z 00000001800061d6 f   node:node.exe
 0001:000051e2       __imp_load_?Call@Function@v8@@QEAA?AV?$Local@VValue@v8@@@2@V32@HQEAV32@@Z 00000001800061e2 f   node:node.exe
 0001:000051ee       __imp_load_?SetName@Function@v8@@QEAAXV?$Local@VString@v8@@@2@@Z 00000001800061ee f   node:node.exe
 0001:000051fa       __imp_load_?Cast@Function@v8@@SAPEAV12@PEAVValue@2@@Z 00000001800061fa f   node:node.exe
 0001:00005206       __imp_load_?New@FunctionTemplate@v8@@SA?AV?$Local@VFunctionTemplate@v8@@@2@PEAVIsolate@2@P6AXAEBV?$FunctionCallbackInfo@VValue@v8@@@2@@ZV?$Local@VValue@v8@@@2@V?$Local@VSignature@v8@@@2@H@Z 0000000180006206 f   node:node.exe
 0001:00005212       __imp_load_?GetFunction@FunctionTemplate@v8@@QEAA?AV?$Local@VFunction@v8@@@2@XZ 0000000180006212 f   node:node.exe
 0001:0000521e       __imp_load_?GetCurrent@Isolate@v8@@SAPEAV12@XZ 000000018000621e f   node:node.exe
 0001:0000522a       __imp_load_node_module_register 000000018000622a f   node:node.exe
 0001:00005236       __imp_load_?Data@Buffer@node@@YAPEADV?$Local@VValue@v8@@@v8@@@Z 0000000180006236 f   node:node.exe
 0001:00005244       ??_U@YAPEAX_K@Z            0000000180006244 f   LIBCMT:new_array.obj
 0001:0000524c       ??3@YAXPEAX_K@Z            000000018000624c f   LIBCMT:delete_scalar_size.obj
 0001:0000524c       ??_V@YAXPEAX@Z             000000018000624c f   LIBCMT:delete_array.obj
 0001:00005254       __GSHandlerCheck           0000000180006254 f   LIBCMT:_gshandler_.obj
 0001:00005274       __GSHandlerCheckCommon     0000000180006274 f   LIBCMT:_gshandler_.obj
 0001:000052e0       __security_check_cookie    00000001800062e0 f   LIBCMT:_amdsecgs_.obj
 0001:00005304       ??2@YAPEAX_K@Z             0000000180006304 f   LIBCMT:new_scalar.obj
 0001:00005340       ??3@YAXPEAX@Z              0000000180006340 f   LIBCMT:delete_scalar.obj
 0001:00005694       _DllMainCRTStartup         0000000180006694 f   LIBCMT:dll_dllmain.obj
 0001:000056d4       __raise_securityfailure    00000001800066d4 f   LIBCMT:gs_report.obj
 0001:00005708       __report_gsfailure         0000000180006708 f   LIBCMT:gs_report.obj
 0001:000057dc       __report_rangecheckfailure 00000001800067dc f   LIBCMT:gs_report.obj
 0001:000057f0       __report_securityfailure   00000001800067f0 f   LIBCMT:gs_report.obj
 0001:00005970       ??0bad_alloc@std@@QEAA@AEBV01@@Z 0000000180006970 f i LIBCMT:throw_bad_alloc.obj
 0001:000059b0       ??0bad_alloc@std@@QEAA@XZ  00000001800069b0 f i LIBCMT:throw_bad_alloc.obj
 0001:000059d0       ??0bad_array_new_length@std@@QEAA@AEBV01@@Z 00000001800069d0 f i LIBCMT:throw_bad_alloc.obj
 0001:00005a10       ??0bad_array_new_length@std@@QEAA@XZ 0000000180006a10 f i LIBCMT:throw_bad_alloc.obj
 0001:00005a30       ??0exception@std@@QEAA@AEBV01@@Z 0000000180006a30 f i LIBCMT:throw_bad_alloc.obj
 0001:00005a68       ??1length_error@std@@UEAA@XZ 0000000180006a68 f i libcpmt:xthrow.obj
 0001:00005a68       ??1bad_array_new_length@std@@UEAA@XZ 0000000180006a68 f i LIBCMT:throw_bad_alloc.obj
 0001:00005a68       ??1out_of_range@std@@UEAA@XZ 0000000180006a68 f i libcpmt:xthrow.obj
 0001:00005a68       ??1bad_alloc@std@@UEAA@XZ  0000000180006a68 f i LIBCMT:throw_bad_alloc.obj
 0001:00005a7c       ?__scrt_throw_std_bad_array_new_length@@YAXXZ 0000000180006a7c f   LIBCMT:throw_bad_alloc.obj
 0001:00005a9c       ?what@exception@std@@UEBAPEBDXZ 0000000180006a9c f i LIBCMT:throw_bad_alloc.obj
 0001:00005ab0       __scrt_acquire_startup_lock 0000000180006ab0 f   LIBCMT:utility.obj
 0001:00005aec       __scrt_dllmain_after_initialize_c 0000000180006aec f   LIBCMT:utility.obj
 0001:00005b20       __scrt_dllmain_before_initialize_c 0000000180006b20 f   LIBCMT:utility.obj
 0001:00005b38       __scrt_dllmain_crt_thread_attach 0000000180006b38 f   LIBCMT:utility.obj
 0001:00005b60       __scrt_dllmain_crt_thread_detach 0000000180006b60 f   LIBCMT:utility.obj
 0001:00005b78       __scrt_dllmain_exception_filter 0000000180006b78 f   LIBCMT:utility.obj
 0001:00005bdc       __scrt_dllmain_uninitialize_c 0000000180006bdc f   LIBCMT:utility.obj
 0001:00005c0c       __scrt_dllmain_uninitialize_critical 0000000180006c0c f   LIBCMT:utility.obj
 0001:00005c20       __scrt_initialize_crt      0000000180006c20 f   LIBCMT:utility.obj
 0001:00005c6c       __scrt_initialize_onexit_tables 0000000180006c6c f   LIBCMT:utility.obj
 0001:00005d38       __scrt_is_nonwritable_in_current_image 0000000180006d38 f   LIBCMT:utility.obj
 0001:00005dd4       __scrt_release_startup_lock 0000000180006dd4 f   LIBCMT:utility.obj
 0001:00005df8       __scrt_uninitialize_crt    0000000180006df8 f   LIBCMT:utility.obj
 0001:00005e24       _onexit                    0000000180006e24 f   LIBCMT:utility.obj
 0001:00005e74       atexit                     0000000180006e74 f   LIBCMT:utility.obj
 0001:00005e8c       __security_init_cookie     0000000180006e8c f   LIBCMT:gs_support.obj
 0001:00005f38       _get_startup_argv_mode     0000000180006f38 f   LIBCMT:argv_mode.obj
 0001:00005f38       DllMain                    0000000180006f38 f   LIBCMT:dll_dllmain_stub.obj
 0001:00005f40       ?__scrt_initialize_type_info@@YAXXZ 0000000180006f40 f   LIBCMT:tncleanup.obj
 0001:00005f50       ?__scrt_uninitialize_type_info@@YAXXZ 0000000180006f50 f   LIBCMT:tncleanup.obj
 0001:00005f5c       __local_stdio_printf_options 0000000180006f5c f i LIBCMT:default_local_stdio_options.obj
 0001:00005f64       __local_stdio_scanf_options 0000000180006f64 f i LIBCMT:default_local_stdio_options.obj
 0001:00005f6c       __scrt_initialize_default_local_stdio_options 0000000180006f6c f   LIBCMT:default_local_stdio_options.obj
 0001:00005f88       __scrt_get_dyn_tls_init_callback 0000000180006f88 f   LIBCMT:dyn_tls_init.obj
 0001:00005f90       __crt_debugger_hook        0000000180006f90 f   LIBCMT:utility_desktop.obj
 0001:00005f98       __scrt_fastfail            0000000180006f98 f   LIBCMT:utility_desktop.obj
 0001:000060e0       _RTC_Initialize            00000001800070e0 f   LIBCMT:_initsect_.obj
 0001:0000612c       _RTC_Terminate             000000018000712c f   LIBCMT:_initsect_.obj
 0001:00006178       _guard_check_icall         0000000180007178 f i LIBCMT:checkcfg.obj
 0001:00006180       ??_Etype_info@@UEAAPEAXI@Z 0000000180007180 f i LIBCMT:std_type_info_static.obj
 0001:00006180       ??_Gtype_info@@UEAAPEAXI@Z 0000000180007180 f i LIBCMT:std_type_info_static.obj
 0001:000061ac       __isa_available_init       00000001800071ac f   LIBCMT:_cpu_disp_.obj
 0001:00006374       __scrt_is_ucrt_dll_in_use  0000000180007374 f   LIBCMT:ucrt_detection.obj
 0001:00006380       ??0length_error@std@@QEAA@AEBV01@@Z 0000000180007380 f i libcpmt:xthrow.obj
 0001:000063c0       ??0length_error@std@@QEAA@PEBD@Z 00000001800073c0 f i libcpmt:xthrow.obj
 0001:0000640c       ??0logic_error@std@@QEAA@AEBV01@@Z 000000018000740c f i libcpmt:xthrow.obj
 0001:0000644c       ??0out_of_range@std@@QEAA@AEBV01@@Z 000000018000744c f i libcpmt:xthrow.obj
 0001:0000648c       ??0out_of_range@std@@QEAA@PEBD@Z 000000018000748c f i libcpmt:xthrow.obj
 0001:000064d8       ??_Gbad_alloc@std@@UEAAPEAXI@Z 00000001800074d8 f i LIBCMT:throw_bad_alloc.obj
 0001:000064d8       ??_Ebad_array_new_length@std@@UEAAPEAXI@Z 00000001800074d8 f i LIBCMT:throw_bad_alloc.obj
 0001:000064d8       ??_Eexception@std@@UEAAPEAXI@Z 00000001800074d8 f i LIBCMT:throw_bad_alloc.obj
 0001:000064d8       ??_Glogic_error@std@@UEAAPEAXI@Z 00000001800074d8 f i libcpmt:xthrow.obj
 0001:000064d8       ??_Gout_of_range@std@@UEAAPEAXI@Z 00000001800074d8 f i libcpmt:xthrow.obj
 0001:000064d8       ??_Ebad_alloc@std@@UEAAPEAXI@Z 00000001800074d8 f i LIBCMT:throw_bad_alloc.obj
 0001:000064d8       ??_Eout_of_range@std@@UEAAPEAXI@Z 00000001800074d8 f i libcpmt:xthrow.obj
 0001:000064d8       ??_Glength_error@std@@UEAAPEAXI@Z 00000001800074d8 f i libcpmt:xthrow.obj
 0001:000064d8       ??_Gbad_array_new_length@std@@UEAAPEAXI@Z 00000001800074d8 f i LIBCMT:throw_bad_alloc.obj
 0001:000064d8       ??_Elogic_error@std@@UEAAPEAXI@Z 00000001800074d8 f i libcpmt:xthrow.obj
 0001:000064d8       ??_Elength_error@std@@UEAAPEAXI@Z 00000001800074d8 f i libcpmt:xthrow.obj
 0001:000064d8       ??_Gexception@std@@UEAAPEAXI@Z 00000001800074d8 f i LIBCMT:throw_bad_alloc.obj
 0001:0000651c       ?_Xbad_alloc@std@@YAXXZ    000000018000751c f   libcpmt:xthrow.obj
 0001:0000651c       ?__scrt_throw_std_bad_alloc@@YAXXZ 000000018000751c f   LIBCMT:throw_bad_alloc.obj
 0001:0000653c       ?_Xlength_error@std@@YAXPEBD@Z 000000018000753c f   libcpmt:xthrow.obj
 0001:00006560       ?_Xout_of_range@std@@YAXPEBD@Z 0000000180007560 f   libcpmt:xthrow.obj
 0001:000065a0       memcpy                     00000001800075a0 f   libvcruntime:memcpy.obj
 0001:000065a0       memmove                    00000001800075a0 f   libvcruntime:memcpy.obj
 0001:000069f0       memset                     00000001800079f0 f   libvcruntime:memset.obj
 0001:00006b90       __C_specific_handler       0000000180007b90 f   libvcruntime:_chandler_.obj
 0001:00006d8c       __std_exception_copy       0000000180007d8c f   libvcruntime:std_exception.obj
 0001:00006e1c       __std_exception_destroy    0000000180007e1c f   libvcruntime:std_exception.obj
 0001:00006e44       _CxxThrowException         0000000180007e44 f   libvcruntime:throw.obj
 0001:00006f1c       __vcrt_initialize          0000000180007f1c f   libvcruntime:initialization.obj
 0001:00006f50       __vcrt_thread_attach       0000000180007f50 f   libvcruntime:initialization.obj
 0001:00006f64       __vcrt_thread_detach       0000000180007f64 f   libvcruntime:initialization.obj
 0001:00006f78       __vcrt_uninitialize        0000000180007f78 f   libvcruntime:initialization.obj
 0001:00006f98       __vcrt_uninitialize_critical 0000000180007f98 f   libvcruntime:initialization.obj
 0001:00006fa8       __std_type_info_destroy_list 0000000180007fa8 f   libvcruntime:std_type_info.obj
 0001:00006ff0       _local_unwind              0000000180007ff0 f   libvcruntime:_jmpuwind_.obj
 0001:00007020       _NLG_Notify                0000000180008020 f   libvcruntime:_jmpuwind_.obj
 0001:00007040       __NLG_Dispatch2            0000000180008040 f   libvcruntime:_jmpuwind_.obj
 0001:00007050       __NLG_Return2              0000000180008050 f   libvcruntime:_jmpuwind_.obj
 0001:00007054       _guard_check_icall_nop     0000000180008054 f   LIBCMT:guard_support.obj
 0001:00007054       __except_validate_context_record 0000000180008054 f   libvcruntime:jbcxrval.obj
 0001:00007058       __vcrt_freefls             0000000180008058 f   libvcruntime:per_thread_data.obj
 0001:00007078       __vcrt_freeptd             0000000180008078 f   libvcruntime:per_thread_data.obj
 0001:000070c8       __vcrt_getptd_noexit       00000001800080c8 f   libvcruntime:per_thread_data.obj
 0001:00007180       __vcrt_initialize_ptd      0000000180008180 f   libvcruntime:per_thread_data.obj
 0001:000071c0       __vcrt_uninitialize_ptd    00000001800081c0 f   libvcruntime:per_thread_data.obj
 0001:000071e4       __vcrt_initialize_locks    00000001800081e4 f   libvcruntime:locks.obj
 0001:0000722c       __vcrt_uninitialize_locks  000000018000822c f   libvcruntime:locks.obj
 0001:0000742c       __vcrt_FlsAlloc            000000018000842c f   libvcruntime:winapi_downlevel.obj
 0001:00007480       __vcrt_FlsFree             0000000180008480 f   libvcruntime:winapi_downlevel.obj
 0001:000074d4       __vcrt_FlsGetValue         00000001800084d4 f   libvcruntime:winapi_downlevel.obj
 0001:00007528       __vcrt_FlsSetValue         0000000180008528 f   libvcruntime:winapi_downlevel.obj
 0001:00007590       __vcrt_InitializeCriticalSectionEx 0000000180008590 f   libvcruntime:winapi_downlevel.obj
 0001:00007608       __vcrt_initialize_winapi_thunks 0000000180008608 f   libvcruntime:winapi_downlevel.obj
 0001:00007654       __vcrt_uninitialize_winapi_thunks 0000000180008654 f   libvcruntime:winapi_downlevel.obj
 0001:00007694       __vcrt_initialize_pure_virtual_call_handler 0000000180008694 f   libvcruntime:purevirt_data.obj
 0001:000076b8       strcpy_s                   00000001800086b8 f   libucrt:strcpy_s.obj
 0001:00007718       strcat_s                   0000000180008718 f   libucrt:strcat_s.obj
 0001:000077a0       strlen                     00000001800087a0 f   libucrt:strlen.obj
 0001:00007848       __acrt_call_reportfault    0000000180008848 f   libucrt:invalid_parameter.obj
 0001:000079a4       __acrt_initialize_invalid_parameter_handler 00000001800089a4 f   libucrt:invalid_parameter.obj
 0001:000079ac       _invalid_parameter         00000001800089ac f   libucrt:invalid_parameter.obj
 0001:00007a54       _invalid_parameter_noinfo  0000000180008a54 f   libucrt:invalid_parameter.obj
 0001:00007a74       _invalid_parameter_noinfo_noreturn 0000000180008a74 f   libucrt:invalid_parameter.obj
 0001:00007aa4       _invoke_watson             0000000180008aa4 f   libucrt:invalid_parameter.obj
 0001:00007aec       ??0_LocaleUpdate@@QEAA@QEAU__crt_locale_pointers@@@Z 0000000180008aec f i libucrt:stricmp.obj
 0001:00007b7c       __ascii_stricmp            0000000180008b7c f   libucrt:stricmp.obj
 0001:00007bb8       _stricmp                   0000000180008bb8 f   libucrt:stricmp.obj
 0001:00007c00       _stricmp_l                 0000000180008c00 f   libucrt:stricmp.obj
 0001:00007cb4       __acrt_initialize_new_handler 0000000180008cb4 f   libucrt:new_handler.obj
 0001:00007cbc       _callnewh                  0000000180008cbc f   libucrt:new_handler.obj
 0001:00007cfc       _query_new_handler         0000000180008cfc f   libucrt:new_handler.obj
 0001:00007d30       malloc                     0000000180008d30 f   libucrt:malloc.obj
 0001:00007d38       free                       0000000180008d38 f   libucrt:free.obj
 0001:00007d40       _initterm                  0000000180008d40 f   libucrt:initterm.obj
 0001:00007db8       _initterm_e                0000000180008db8 f   libucrt:initterm.obj
 0001:00007e04       _seh_filter_dll            0000000180008e04 f   libucrt:exception_filter.obj
 0001:00007e18       _seh_filter_exe            0000000180008e18 f   libucrt:exception_filter.obj
 0001:000081d8       __acrt_initialize_thread_local_exit_callback 00000001800091d8 f   libucrt:exit.obj
 0001:000081e0       _cexit                     00000001800091e0 f   libucrt:exit.obj
 0001:000081f0       _exit                      00000001800091f0 f   libucrt:exit.obj
 0001:000081fc       _is_c_termination_complete 00000001800091fc f   libucrt:exit.obj
 0001:000083c0       __acrt_allocate_buffer_for_argv 00000001800093c0 f   libucrt:argv_parsing.obj
 0001:00008424       _configure_narrow_argv     0000000180009424 f   libucrt:argv_parsing.obj
 0001:00008780       __dcrt_uninitialize_environments_nolock 0000000180009780 f   libucrt:environment_initialization.obj
 0001:000087b8       _initialize_narrow_environment 00000001800097b8 f   libucrt:environment_initialization.obj
 0001:000087c0       ??$?RV<lambda_b8c45f8f788dd370798f47cfe8ac3a86>@@AEAV<lambda_4e60a939b0d047cfe11ddc22648dfba9>@@V<lambda_332c3edc96d0294ec56c57d38c1cdfd5>@@@?$__crt_seh_guarded_call@H@@QEAAH$$QEAV<lambda_b8c45f8f788dd370798f47cfe8ac3a86>@@AEAV<lambda_4e60a939b0d047cfe11ddc22648dfba9>@@$$QEAV<lambda_332c3edc96d0294ec56c57d38c1cdfd5>@@@Z 00000001800097c0 f i libucrt:onexit.obj
 0001:000087fc       ??$?RV<lambda_e24bbb7b643b32fcea6fa61b31d4c984>@@AEAV<lambda_275893d493268fdec8709772e3fcec0e>@@V<lambda_9d71df4d7cf3f480f8d633942495c3b0>@@@?$__crt_seh_guarded_call@H@@QEAAH$$QEAV<lambda_e24bbb7b643b32fcea6fa61b31d4c984>@@AEAV<lambda_275893d493268fdec8709772e3fcec0e>@@$$QEAV<lambda_9d71df4d7cf3f480f8d633942495c3b0>@@@Z 00000001800097fc f i libucrt:onexit.obj
 0001:00008b78       _crt_atexit                0000000180009b78 f   libucrt:onexit.obj
 0001:00008b88       _execute_onexit_table      0000000180009b88 f   libucrt:onexit.obj
 0001:00008bc4       _initialize_onexit_table   0000000180009bc4 f   libucrt:onexit.obj
 0001:00008c04       _register_onexit_function  0000000180009c04 f   libucrt:onexit.obj
 0001:00008c94       __acrt_uninitialize_command_line 0000000180009c94 f   libucrt:argv_data.obj
 0001:00008d84       __acrt_initialize          0000000180009d84 f   libucrt:initialization.obj
 0001:00008d98       __acrt_thread_attach       0000000180009d98 f   libucrt:initialization.obj
 0001:00008dac       __acrt_thread_detach       0000000180009dac f   libucrt:initialization.obj
 0001:00008dbc       __acrt_uninitialize        0000000180009dbc f   libucrt:initialization.obj
 0001:00008dd0       __acrt_uninitialize_critical 0000000180009dd0 f   libucrt:initialization.obj
 0001:00008de0       terminate                  0000000180009de0 f   libucrt:terminate.obj
 0001:00008e08       _free_base                 0000000180009e08 f   libucrt:free_base.obj
 0001:00008e48       _malloc_base               0000000180009e48 f   libucrt:malloc_base.obj
 0001:00008ea8       abort                      0000000180009ea8 f   libucrt:abort.obj
 0001:00008f00       _calloc_base               0000000180009f00 f   libucrt:calloc_base.obj
 0001:00008f78       __acrt_errno_from_os_error 0000000180009f78 f   libucrt:errno.obj
 0001:00008fc0       __acrt_errno_map_os_error  0000000180009fc0 f   libucrt:errno.obj
 0001:00009010       __doserrno                 000000018000a010 f   libucrt:errno.obj
 0001:00009030       _errno                     000000018000a030 f   libucrt:errno.obj
 0001:00009050       ??$?RV<lambda_46352004c1216016012b18bd6f87e700>@@AEAV<lambda_3bd07e1a1191394380780325891bf33f>@@V<lambda_334532d3f185bcaa59b5be82d7d22bff>@@@?$__crt_seh_guarded_call@X@@QEAAX$$QEAV<lambda_46352004c1216016012b18bd6f87e700>@@AEAV<lambda_3bd07e1a1191394380780325891bf33f>@@$$QEAV<lambda_334532d3f185bcaa59b5be82d7d22bff>@@@Z 000000018000a050 f i libucrt:per_thread_data.obj
 0001:000090b0       ??$?RV<lambda_5e887d1dcbef67a5eb4283622ba103bf>@@AEAV<lambda_4466841279450cc726390878d4a41900>@@V<lambda_341c25c0346d94847f1f3c463c57e077>@@@?$__crt_seh_guarded_call@X@@QEAAX$$QEAV<lambda_5e887d1dcbef67a5eb4283622ba103bf>@@AEAV<lambda_4466841279450cc726390878d4a41900>@@$$QEAV<lambda_341c25c0346d94847f1f3c463c57e077>@@@Z 000000018000a0b0 f i libucrt:per_thread_data.obj
 0001:000090f8       ??$?RV<lambda_72d1df2b273a38828b1ce30cbf4cdab5>@@AEAV<lambda_876a65b173b8412d3a47c70a915b0cf4>@@V<lambda_41932305e351933ebe8f8be3ed8bb5dc>@@@?$__crt_seh_guarded_call@X@@QEAAX$$QEAV<lambda_72d1df2b273a38828b1ce30cbf4cdab5>@@AEAV<lambda_876a65b173b8412d3a47c70a915b0cf4>@@$$QEAV<lambda_41932305e351933ebe8f8be3ed8bb5dc>@@@Z 000000018000a0f8 f i libucrt:per_thread_data.obj
 0001:00009138       ??$?RV<lambda_fb3a7dec4e47f37f22dae91bb15c9095>@@AEAV<lambda_698284760c8add0bfb0756c19673e34b>@@V<lambda_dfb8eca1e75fef3034a8fb18dd509707>@@@?$__crt_seh_guarded_call@X@@QEAAX$$QEAV<lambda_fb3a7dec4e47f37f22dae91bb15c9095>@@AEAV<lambda_698284760c8add0bfb0756c19673e34b>@@$$QEAV<lambda_dfb8eca1e75fef3034a8fb18dd509707>@@@Z 000000018000a138 f i libucrt:per_thread_data.obj
 0001:000093c8       __acrt_freeptd             000000018000a3c8 f   libucrt:per_thread_data.obj
 0001:0000940c       __acrt_getptd              000000018000a40c f   libucrt:per_thread_data.obj
 0001:000094a0       __acrt_getptd_noexit       000000018000a4a0 f   libucrt:per_thread_data.obj
 0001:00009540       __acrt_initialize_ptd      000000018000a540 f   libucrt:per_thread_data.obj
 0001:0000957c       __acrt_uninitialize_ptd    000000018000a57c f   libucrt:per_thread_data.obj
 0001:000095f0       _tolower_l                 000000018000a5f0 f   libucrt:tolower_toupper.obj
 0001:00009730       __acrt_update_locale_info  000000018000a730 f   libucrt:locale_update.obj
 0001:00009764       __acrt_update_multibyte_info 000000018000a764 f   libucrt:locale_update.obj
 0001:00009798       __acrt_set_locale_changed  000000018000a798 f   libucrt:wsetlocale.obj
 0001:000097a4       __acrt_uninitialize_locale 000000018000a7a4 f   libucrt:wsetlocale.obj
 0001:000097ec       __acrt_initialize_locks    000000018000a7ec f   libucrt:locks.obj
 0001:00009834       __acrt_lock                000000018000a834 f   libucrt:locks.obj
 0001:00009850       __acrt_uninitialize_locks  000000018000a850 f   libucrt:locks.obj
 0001:00009888       __acrt_unlock              000000018000a888 f   libucrt:locks.obj
 0001:00009a44       __acrt_FlsAlloc            000000018000aa44 f   libucrt:winapi_thunks.obj
 0001:00009a9c       __acrt_FlsFree             000000018000aa9c f   libucrt:winapi_thunks.obj
 0001:00009af4       __acrt_FlsGetValue         000000018000aaf4 f   libucrt:winapi_thunks.obj
 0001:00009b4c       __acrt_FlsSetValue         000000018000ab4c f   libucrt:winapi_thunks.obj
 0001:00009bb4       __acrt_InitializeCriticalSectionEx 000000018000abb4 f   libucrt:winapi_thunks.obj
 0001:00009c2c       __acrt_LCMapStringEx       000000018000ac2c f   libucrt:winapi_thunks.obj
 0001:00009d1c       __acrt_LocaleNameToLCID    000000018000ad1c f   libucrt:winapi_thunks.obj
 0001:00009d84       __acrt_initialize_winapi_thunks 000000018000ad84 f   libucrt:winapi_thunks.obj
 0001:00009dbc       __acrt_is_packaged_app     000000018000adbc f   libucrt:winapi_thunks.obj
 0001:00009e44       __acrt_uninitialize_winapi_thunks 000000018000ae44 f   libucrt:winapi_thunks.obj
 0001:0000a364       ?expand_if_necessary@?$argument_list@D@?A0xca0879c4@@AEAAHXZ 000000018000b364 f i libucrt:argv_wildcards.obj
 0001:0000a42c       __acrt_expand_narrow_argv_wildcards 000000018000b42c f   libucrt:argv_wildcards.obj
 0001:0000a434       ??$?RV<lambda_99476a1ad63dd22509b5d3e65b0ffc95>@@AEAV<lambda_ad1ced32f4ac17aa236e5ef05d6b3b7c>@@V<lambda_f7424dd8d45958661754dc4f2697e9c3>@@@?$__crt_seh_guarded_call@X@@QEAAX$$QEAV<lambda_99476a1ad63dd22509b5d3e65b0ffc95>@@AEAV<lambda_ad1ced32f4ac17aa236e5ef05d6b3b7c>@@$$QEAV<lambda_f7424dd8d45958661754dc4f2697e9c3>@@@Z 000000018000b434 f i libucrt:mbctype.obj
 0001:0000ab30       __acrt_initialize_multibyte 000000018000bb30 f   libucrt:mbctype.obj
 0001:0000ab58       __acrt_update_thread_multibyte_data 000000018000bb58 f   libucrt:mbctype.obj
 0001:0000ac18       _setmbcp_nolock            000000018000bc18 f   libucrt:mbctype.obj
 0001:0000af38       _ismbblead                 000000018000bf38 f   libucrt:ismbbyte.obj
 0001:0000af4c       __acrt_initialize_command_line 000000018000bf4c f   libucrt:argv_data.obj
 0001:0000af74       __dcrt_get_narrow_environment_from_os 000000018000bf74 f   libucrt:get_environment_from_os.obj
 0001:0000b078       _recalloc                  000000018000c078 f   libucrt:recalloc.obj
 0001:0000b080       _recalloc_base             000000018000c080 f   libucrt:recalloc.obj
 0001:0000b118       __acrt_initialize_heap     000000018000c118 f   libucrt:heap_handle.obj
 0001:0000b134       __acrt_uninitialize_heap   000000018000c134 f   libucrt:heap_handle.obj
 0001:0000b328       __acrt_initialize_lowio    000000018000c328 f   libucrt:ioinit.obj
 0001:0000b364       __acrt_uninitialize_lowio  000000018000c364 f   libucrt:ioinit.obj
 0001:0000b3a4       __acrt_execute_initializers 000000018000c3a4 f   libucrt:shared_initialization.obj
 0001:0000b438       __acrt_execute_uninitializers 000000018000c438 f   libucrt:shared_initialization.obj
 0001:0000b488       ??$?RV<lambda_c36588078e9f5dfd39652860aa6b3aaf>@@AEAV<lambda_ec61778202f4f5fc7e7711acc23c3bca>@@V<lambda_dc9d2797ccde5d239b4a0efae8ebd7db>@@@?$__crt_seh_guarded_call@P6AXH@Z@@QEAAP6AXH@Z$$QEAV<lambda_c36588078e9f5dfd39652860aa6b3aaf>@@AEAV<lambda_ec61778202f4f5fc7e7711acc23c3bca>@@$$QEAV<lambda_dc9d2797ccde5d239b4a0efae8ebd7db>@@@Z 000000018000c488 f i libucrt:signal.obj
 0001:0000b4d0       __acrt_get_sigabrt_handler 000000018000c4d0 f   libucrt:signal.obj
 0001:0000b500       __acrt_initialize_signal_handlers 000000018000c500 f   libucrt:signal.obj
 0001:0000b520       raise                      000000018000c520 f   libucrt:signal.obj
 0001:0000b7bc       __acrt_has_user_matherr    000000018000c7bc f   libucrt:matherr.obj
 0001:0000b7dc       __acrt_initialize_user_matherr 000000018000c7dc f   libucrt:matherr.obj
 0001:0000b7e4       __acrt_invoke_user_matherr 000000018000c7e4 f   libucrt:matherr.obj
 0001:0000b82c       _query_new_mode            000000018000c82c f   libucrt:new_mode.obj
 0001:0000b834       _mbtowc_l                  000000018000c834 f   libucrt:mbtowc.obj
 0001:0000b97c       mbtowc                     000000018000c97c f   libucrt:mbtowc.obj
 0001:0000b984       _fileno                    000000018000c984 f   libucrt:fileno.obj
 0001:0000b9ac       __acrt_initialize_stdio    000000018000c9ac f   libucrt:_file.obj
 0001:0000bacc       __acrt_uninitialize_stdio  000000018000cacc f   libucrt:_file.obj
 0001:0000bb28       _lock_file                 000000018000cb28 f   libucrt:_file.obj
 0001:0000bb34       _unlock_file               000000018000cb34 f   libucrt:_file.obj
 0001:0000bb40       __pctype_func              000000018000cb40 f   libucrt:ctype.obj
 0001:0000bb70       _isctype_l                 000000018000cb70 f   libucrt:isctype.obj
 0001:0000bc80       __acrt_add_locale_ref      000000018000cc80 f   libucrt:locale_refcounting.obj
 0001:0000bd0c       __acrt_free_locale         000000018000cd0c f   libucrt:locale_refcounting.obj
 0001:0000be84       __acrt_locale_add_lc_time_reference 000000018000ce84 f   libucrt:locale_refcounting.obj
 0001:0000beac       __acrt_locale_free_lc_time_if_unreferenced 000000018000ceac f   libucrt:locale_refcounting.obj
 0001:0000bee4       __acrt_locale_release_lc_time_reference 000000018000cee4 f   libucrt:locale_refcounting.obj
 0001:0000bf0c       __acrt_release_locale_ref  000000018000cf0c f   libucrt:locale_refcounting.obj
 0001:0000bfb4       __acrt_update_thread_locale_data 000000018000cfb4 f   libucrt:locale_refcounting.obj
 0001:0000c024       _updatetlocinfoEx_nolock   000000018000d024 f   libucrt:locale_refcounting.obj
 0001:0000c08c       _isleadbyte_l              000000018000d08c f i libucrt:_wctype.obj
 0001:0000c428       __acrt_LCMapStringA        000000018000d428 f   libucrt:lcmapstringa.obj
 0001:0000c4c0       __acrt_locale_free_monetary 000000018000d4c0 f   libucrt:initmon.obj
 0001:0000c5cc       __acrt_locale_free_numeric 000000018000d5cc f   libucrt:initnum.obj
 0001:0000c690       __acrt_locale_free_time    000000018000d690 f   libucrt:inittime.obj
 0001:0000c798       __acrt_GetStringTypeA      000000018000d798 f   libucrt:getstringtypea.obj
 0001:0000ca14       __acrt_DownlevelLocaleNameToLCID 000000018000da14 f   libucrt:lcidtoname_downlevel.obj
 0001:0000cb20       qsort                      000000018000db20 f   libucrt:qsort.obj
 0001:0000ce54       strncpy_s                  000000018000de54 f   libucrt:strncpy_s.obj
 0001:0000cf28       strpbrk                    000000018000df28 f   libucrt:strpbrk.obj
 0001:0000cfc8       _mbsdec                    000000018000dfc8 f   libucrt:mbsdec.obj
 0001:0000cfd0       _mbsdec_l                  000000018000dfd0 f   libucrt:mbsdec.obj
 0001:0000d080       _msize                     000000018000e080 f   libucrt:msize.obj
 0001:0000d0bc       _realloc_base              000000018000e0bc f   libucrt:realloc_base.obj
 0001:0000d140       __acrt_lowio_create_handle_array 000000018000e140 f   libucrt:osfinfo.obj
 0001:0000d1d8       __acrt_lowio_destroy_handle_array 000000018000e1d8 f   libucrt:osfinfo.obj
 0001:0000d228       __acrt_lowio_ensure_fh_exists 000000018000e228 f   libucrt:osfinfo.obj
 0001:0000d2e0       __acrt_lowio_lock_fh       000000018000e2e0 f   libucrt:osfinfo.obj
 0001:0000d304       __acrt_lowio_unlock_fh     000000018000e304 f   libucrt:osfinfo.obj
 0001:0000d328       _free_osfhnd               000000018000e328 f   libucrt:osfinfo.obj
 0001:0000d3e4       _get_osfhandle             000000018000e3e4 f   libucrt:osfinfo.obj
 0001:0000d45c       _isatty                    000000018000e45c f   libucrt:isatty.obj
 0001:0000d4bc       __acrt_stdio_flush_nolock  000000018000e4bc f   libucrt:fflush.obj
 0001:0000d534       _fflush_nolock             000000018000e534 f   libucrt:fflush.obj
 0001:0000d580       _flushall                  000000018000e580 f   libucrt:fflush.obj
 0001:0000d670       _fcloseall                 000000018000e670 f   libucrt:closeall.obj
 0001:0000d724       __acrt_stdio_free_buffer_nolock 000000018000e724 f   libucrt:_freebuf.obj
 0001:0000d764       __strncnt                  000000018000e764 f   libucrt:strncnt.obj
 0001:0000d77c       _query_app_type            000000018000e77c f   libucrt:report_runtime_error.obj
 0001:0000d784       ??$?RV<lambda_b521505b218e5242e90febf6bfebc422>@@AEAV<lambda_6978c1fb23f02e42e1d9e99668cc68aa>@@V<lambda_314360699dd331753a4119843814e9a7>@@@?$__crt_seh_guarded_call@H@@QEAAH$$QEAV<lambda_b521505b218e5242e90febf6bfebc422>@@AEAV<lambda_6978c1fb23f02e42e1d9e99668cc68aa>@@$$QEAV<lambda_314360699dd331753a4119843814e9a7>@@@Z 000000018000e784 f i libucrt:commit.obj
 0001:0000d810       _commit                    000000018000e810 f   libucrt:commit.obj
 0001:0000de44       _write                     000000018000ee44 f   libucrt:write.obj
 0001:0000df30       _write_nolock              000000018000ef30 f   libucrt:write.obj
 0001:0000e220       log10                      000000018000f220 f   libucrt:log10.obj
 0001:0000e868       _lseeki64_nolock           000000018000f868 f   libucrt:lseek.obj
 0001:0000e870       _fclose_nolock             000000018000f870 f   libucrt:fclose.obj
 0001:0000e8f4       fclose                     000000018000f8f4 f   libucrt:fclose.obj
 0001:0000e960       _putwch_nolock             000000018000f960 f   libucrt:putwch.obj
 0001:0000eae0       _handle_error              000000018000fae0 f   libucrt:libm_error.obj
 0001:0000ec10       __acrt_initialize_fma3     000000018000fc10 f   libucrt:fma3_available.obj
 0001:0000ec80       _log10_special             000000018000fc80 f   libucrt:log_special.obj
 0001:0000ed38       ??$?RV<lambda_bfedae4ebbf01fab1bb6dcc6a9e276e0>@@AEAV<lambda_2fe9b910cf3cbf4a0ab98a02ba45b3ec>@@V<lambda_237c231691f317818eb88cc1d5d642d6>@@@?$__crt_seh_guarded_call@H@@QEAAH$$QEAV<lambda_bfedae4ebbf01fab1bb6dcc6a9e276e0>@@AEAV<lambda_2fe9b910cf3cbf4a0ab98a02ba45b3ec>@@$$QEAV<lambda_237c231691f317818eb88cc1d5d642d6>@@@Z 000000018000fd38 f i libucrt:close.obj
 0001:0000edac       _close                     000000018000fdac f   libucrt:close.obj
 0001:0000ee50       _close_nolock              000000018000fe50 f   libucrt:close.obj
 0001:0000ef0c       ?__acrt_stdio_free_stream@@YAXV__crt_stdio_stream@@@Z 000000018000ff0c f   libucrt:stream.obj
 0001:0000ef50       __dcrt_lowio_initialize_console_output 000000018000ff50 f   libucrt:initcon.obj
 0001:0000ef8c       __dcrt_terminate_console_output 000000018000ff8c f   libucrt:initcon.obj
 0001:0000efc0       _get_fpsr                  000000018000ffc0 f   libucrt:fpsr.obj
 0001:0000efd0       _set_fpsr                  000000018000ffd0 f   libucrt:fpsr.obj
 0001:0000efda       _fclrf                     000000018000ffda f   libucrt:fpsr.obj
 0001:0000efee       _frnd                      000000018000ffee f   libucrt:fpsr.obj
 0001:0000f010       _raise_exc                 0000000180010010 f   libucrt:fpexcept.obj
 0001:0000f038       _raise_exc_ex              0000000180010038 f   libucrt:fpexcept.obj
 0001:0000f340       _set_errno_from_matherr    0000000180010340 f   libucrt:fpexcept.obj
 0001:0000f370       _clrfp                     0000000180010370 f   libucrt:fpctrl.obj
 0001:0000f390       _ctrlfp                    0000000180010390 f   libucrt:fpctrl.obj
 0001:0000f40c       _set_statfp                000000018001040c f   libucrt:fpctrl.obj
 0001:0000f42c       _statfp                    000000018001042c f   libucrt:fpctrl.obj
 0001:0000f43e       IsProcessorFeaturePresent  000000018001043e f   kernel32:KERNEL32.dll
 0001:0000f444       RtlUnwindEx                0000000180010444 f   kernel32:KERNEL32.dll
 0001:0000f44c       ?DloadAcquireSectionWriteAccess@@YAXXZ 000000018001044c f i DelayImp:delayhlp.obj
 0001:0000f508       ?DloadGetSRWLockFunctionPointers@@YAEXZ 0000000180010508 f i DelayImp:delayhlp.obj
 0001:0000f5a4       ?DloadMakePermanentImageCommit@@YAXPEAX_K@Z 00000001800105a4 f i DelayImp:delayhlp.obj
 0001:0000f63c       ?DloadObtainSection@@YAPEAXPEAK0@Z 000000018001063c f i DelayImp:delayhlp.obj
 0001:0000f6d4       ?DloadProtectSection@@YAXKPEAK@Z 00000001800106d4 f i DelayImp:delayhlp.obj
 0001:0000f764       ?DloadReleaseSectionWriteAccess@@YAXXZ 0000000180010764 f i DelayImp:delayhlp.obj
 0001:0000f808       __delayLoadHelper2         0000000180010808 f   DelayImp:delayhlp.obj
 0001:0000fb10       _FindPESection             0000000180010b10 f   LIBCMT:pesect.obj
 0001:0000fb60       _IsNonwritableInCurrentImage 0000000180010b60 f   LIBCMT:pesect.obj
 0001:0000fbb0       _ValidateImageBase         0000000180010bb0 f   LIBCMT:pesect.obj
 0001:0000fbf0       __chkstk                   0000000180010bf0 f   LIBCMT:_chkstk_.obj
 0001:0000fbf0       _alloca_probe              0000000180010bf0 f   LIBCMT:_chkstk_.obj
 0001:0000fc60       memcmp                     0000000180010c60 f   libvcruntime:memcmp.obj
 0001:0000fd40       _guard_dispatch_icall_nop  0000000180010d40 f   LIBCMT:_guard_dispatch_.obj
 0002:00000000       __imp_lstrcpynA            0000000180011000     kernel32:KERNEL32.dll
 0002:00000008       __imp_lstrcpyA             0000000180011008     kernel32:KERNEL32.dll
 0002:00000010       __imp_lstrlenA             0000000180011010     kernel32:KERNEL32.dll
 0002:00000018       __imp_GetModuleHandleA     0000000180011018     kernel32:KERNEL32.dll
 0002:00000020       __imp_VirtualQuery         0000000180011020     kernel32:KERNEL32.dll
 0002:00000028       __imp_VirtualProtect       0000000180011028     kernel32:KERNEL32.dll
 0002:00000030       __imp_RtlCaptureContext    0000000180011030     kernel32:KERNEL32.dll
 0002:00000038       __imp_RtlLookupFunctionEntry 0000000180011038     kernel32:KERNEL32.dll
 0002:00000040       __imp_RtlVirtualUnwind     0000000180011040     kernel32:KERNEL32.dll
 0002:00000048       __imp_UnhandledExceptionFilter 0000000180011048     kernel32:KERNEL32.dll
 0002:00000050       __imp_SetUnhandledExceptionFilter 0000000180011050     kernel32:KERNEL32.dll
 0002:00000058       __imp_GetCurrentProcess    0000000180011058     kernel32:KERNEL32.dll
 0002:00000060       __imp_TerminateProcess     0000000180011060     kernel32:KERNEL32.dll
 0002:00000068       __imp_IsProcessorFeaturePresent 0000000180011068     kernel32:KERNEL32.dll
 0002:00000070       __imp_QueryPerformanceCounter 0000000180011070     kernel32:KERNEL32.dll
 0002:00000078       __imp_GetCurrentProcessId  0000000180011078     kernel32:KERNEL32.dll
 0002:00000080       __imp_GetCurrentThreadId   0000000180011080     kernel32:KERNEL32.dll
 0002:00000088       __imp_GetSystemTimeAsFileTime 0000000180011088     kernel32:KERNEL32.dll
 0002:00000090       __imp_InitializeSListHead  0000000180011090     kernel32:KERNEL32.dll
 0002:00000098       __imp_IsDebuggerPresent    0000000180011098     kernel32:KERNEL32.dll
 0002:000000a0       __imp_GetStartupInfoW      00000001800110a0     kernel32:KERNEL32.dll
 0002:000000a8       __imp_GetModuleHandleW     00000001800110a8     kernel32:KERNEL32.dll
 0002:000000b0       __imp_RtlUnwindEx          00000001800110b0     kernel32:KERNEL32.dll
 0002:000000b8       __imp_RtlPcToFileHeader    00000001800110b8     kernel32:KERNEL32.dll
 0002:000000c0       __imp_RaiseException       00000001800110c0     kernel32:KERNEL32.dll
 0002:000000c8       __imp_InterlockedFlushSList 00000001800110c8     kernel32:KERNEL32.dll
 0002:000000d0       __imp_GetLastError         00000001800110d0     kernel32:KERNEL32.dll
 0002:000000d8       __imp_SetLastError         00000001800110d8     kernel32:KERNEL32.dll
 0002:000000e0       __imp_EnterCriticalSection 00000001800110e0     kernel32:KERNEL32.dll
 0002:000000e8       __imp_LeaveCriticalSection 00000001800110e8     kernel32:KERNEL32.dll
 0002:000000f0       __imp_DeleteCriticalSection 00000001800110f0     kernel32:KERNEL32.dll
 0002:000000f8       __imp_InitializeCriticalSectionAndSpinCount 00000001800110f8     kernel32:KERNEL32.dll
 0002:00000100       __imp_TlsAlloc             0000000180011100     kernel32:KERNEL32.dll
 0002:00000108       __imp_TlsGetValue          0000000180011108     kernel32:KERNEL32.dll
 0002:00000110       __imp_TlsSetValue          0000000180011110     kernel32:KERNEL32.dll
 0002:00000118       __imp_TlsFree              0000000180011118     kernel32:KERNEL32.dll
 0002:00000120       __imp_FreeLibrary          0000000180011120     kernel32:KERNEL32.dll
 0002:00000128       __imp_GetProcAddress       0000000180011128     kernel32:KERNEL32.dll
 0002:00000130       __imp_LoadLibraryExW       0000000180011130     kernel32:KERNEL32.dll
 0002:00000138       __imp_ExitProcess          0000000180011138     kernel32:KERNEL32.dll
 0002:00000140       __imp_GetModuleHandleExW   0000000180011140     kernel32:KERNEL32.dll
 0002:00000148       __imp_GetModuleFileNameA   0000000180011148     kernel32:KERNEL32.dll
 0002:00000150       __imp_MultiByteToWideChar  0000000180011150     kernel32:KERNEL32.dll
 0002:00000158       __imp_WideCharToMultiByte  0000000180011158     kernel32:KERNEL32.dll
 0002:00000160       __imp_HeapFree             0000000180011160     kernel32:KERNEL32.dll
 0002:00000168       __imp_HeapAlloc            0000000180011168     kernel32:KERNEL32.dll
 0002:00000170       __imp_GetACP               0000000180011170     kernel32:KERNEL32.dll
 0002:00000178       __imp_LCMapStringW         0000000180011178     kernel32:KERNEL32.dll
 0002:00000180       __imp_FindClose            0000000180011180     kernel32:KERNEL32.dll
 0002:00000188       __imp_FindFirstFileExA     0000000180011188     kernel32:KERNEL32.dll
 0002:00000190       __imp_FindNextFileA        0000000180011190     kernel32:KERNEL32.dll
 0002:00000198       __imp_IsValidCodePage      0000000180011198     kernel32:KERNEL32.dll
 0002:000001a0       __imp_GetOEMCP             00000001800111a0     kernel32:KERNEL32.dll
 0002:000001a8       __imp_GetCPInfo            00000001800111a8     kernel32:KERNEL32.dll
 0002:000001b0       __imp_GetCommandLineA      00000001800111b0     kernel32:KERNEL32.dll
 0002:000001b8       __imp_GetCommandLineW      00000001800111b8     kernel32:KERNEL32.dll
 0002:000001c0       __imp_GetEnvironmentStringsW 00000001800111c0     kernel32:KERNEL32.dll
 0002:000001c8       __imp_FreeEnvironmentStringsW 00000001800111c8     kernel32:KERNEL32.dll
 0002:000001d0       __imp_GetProcessHeap       00000001800111d0     kernel32:KERNEL32.dll
 0002:000001d8       __imp_GetStdHandle         00000001800111d8     kernel32:KERNEL32.dll
 0002:000001e0       __imp_GetFileType          00000001800111e0     kernel32:KERNEL32.dll
 0002:000001e8       __imp_GetStringTypeW       00000001800111e8     kernel32:KERNEL32.dll
 0002:000001f0       __imp_HeapSize             00000001800111f0     kernel32:KERNEL32.dll
 0002:000001f8       __imp_HeapReAlloc          00000001800111f8     kernel32:KERNEL32.dll
 0002:00000200       __imp_SetStdHandle         0000000180011200     kernel32:KERNEL32.dll
 0002:00000208       __imp_WriteFile            0000000180011208     kernel32:KERNEL32.dll
 0002:00000210       __imp_FlushFileBuffers     0000000180011210     kernel32:KERNEL32.dll
 0002:00000218       __imp_GetConsoleCP         0000000180011218     kernel32:KERNEL32.dll
 0002:00000220       __imp_GetConsoleMode       0000000180011220     kernel32:KERNEL32.dll
 0002:00000228       __imp_SetFilePointerEx     0000000180011228     kernel32:KERNEL32.dll
 0002:00000230       __imp_CloseHandle          0000000180011230     kernel32:KERNEL32.dll
 0002:00000238       __imp_WriteConsoleW        0000000180011238     kernel32:KERNEL32.dll
 0002:00000240       __imp_CreateFileW          0000000180011240     kernel32:KERNEL32.dll
 0002:00000248       __imp_GetSystemInfo        0000000180011248     kernel32:KERNEL32.dll
 0002:00000250       __imp_LoadLibraryExA       0000000180011250     kernel32:KERNEL32.dll
 0002:00000258       \177KERNEL32_NULL_THUNK_DATA 0000000180011258     kernel32:KERNEL32.dll
 0002:00000260       __imp_wsprintfA            0000000180011260     user32:USER32.dll
 0002:00000268       \177USER32_NULL_THUNK_DATA 0000000180011268     user32:USER32.dll
 0002:00000270       __guard_check_icall_fptr   0000000180011270     LIBCMT:guard_support.obj
 0002:00000278       __guard_dispatch_icall_fptr 0000000180011278     LIBCMT:guard_support.obj
 0002:00000280       __xc_a                     0000000180011280     LIBCMT:initializers.obj
 0002:00000288       _register_addon_           0000000180011288     test.obj
 0002:00000290       __xc_z                     0000000180011290     LIBCMT:initializers.obj
 0002:00000298       __xi_a                     0000000180011298     LIBCMT:initializers.obj
 0002:000002a0       __acrt_multibyte_initializer 00000001800112a0     libucrt:multibyte_initializer.obj
 0002:000002a8       __acrt_stdio_initializer   00000001800112a8     libucrt:stdio_initializer.obj
 0002:000002b0       __acrt_tran_fma3_initializer 00000001800112b0     libucrt:fma3_initializer.obj
 0002:000002b8       __xi_z                     00000001800112b8     LIBCMT:initializers.obj
 0002:000002c0       __xp_a                     00000001800112c0     LIBCMT:initializers.obj
 0002:000002c8       __acrt_locale_terminator   00000001800112c8     libucrt:locale_initializer.obj
 0002:000002d0       __dcrt_console_output_terminator 00000001800112d0     libucrt:console_output_initializer.obj
 0002:000002d8       __acrt_stdio_terminator    00000001800112d8     libucrt:stdio_initializer.obj
 0002:000002e0       __xp_z                     00000001800112e0     LIBCMT:initializers.obj
 0002:000002e8       __xt_a                     00000001800112e8     LIBCMT:initializers.obj
 0002:000002f0       __xt_z                     00000001800112f0     LIBCMT:initializers.obj
 0002:00000300       ??_C@_0KB@OOMKPADG@?$GA1234567890?9?$DNqwertyuiop?$FL?$FN?2asdfgh@ 0000000180011300     blowfish.obj
 0002:000003a4       ??_C@_02DPKJAMEF@?$CFd?$AA@ 00000001800113a4     blowfish.obj
 0002:000003a8       ??_C@_04NOJCDH@?$CF02x?$AA@ 00000001800113a8     Md5c.obj
 0002:000003b0       ??_C@_0L@LBLMDLJL@?4?4?2test?4cc?$AA@ 00000001800113b0     test.obj
 0002:000003bc       ??_C@_05ONJGPJEO@addon?$AA@ 00000001800113bc     test.obj
 0002:000003c4       ??_C@_04HHBNMLOP@sbuf?$AA@ 00000001800113c4     test.obj
 0002:000003d0       ??_C@_07BJHFJOBA@tmp_buf?$AA@ 00000001800113d0     test.obj
 0002:000003d8       ??_C@_06FPFOALMG@sizeof?$AA@ 00000001800113d8     test.obj
 0002:000003e0       ??_C@_04GFPDDANC@nout?$AA@ 00000001800113e0     test.obj
 0002:000003e8       ??_C@_0O@NCCMIDLD@CKP?9TEST01_02?$AA@ 00000001800113e8     test.obj
 0002:000003f8       ??_C@_09NAJNCGLL@createkey?$AA@ 00000001800113f8     test.obj
 0002:00000404       ??_C@_05HKKAFMCM@step2?$AA@ 0000000180011404     test.obj
 0002:00000410       ??_C@_0BA@JFNIOLAK@string?5too?5long?$AA@ 0000000180011410     test.obj
 0002:00000420       ??_C@_0BI@CFPLBAOH@invalid?5string?5position?$AA@ 0000000180011420     test.obj
 0002:00000438       __real@4020000000000000    0000000180011438     test.obj
 0002:00000440       __pfnDliNotifyHook2        0000000180011440     win_delay_load_hook.obj
 0002:00000448       ??_C@_08HCOMDCCD@iojs?4exe?$AA@ 0000000180011448     win_delay_load_hook.obj
 0002:00000458       ??_C@_08JDDNMFDB@node?4exe?$AA@ 0000000180011458     win_delay_load_hook.obj
 0002:00000470       __sz_node_exe              0000000180011470     node:node.exe
 0002:00000480       _pDefaultRawDllMain        0000000180011480     LIBCMT:dll_dllmain.obj
 0002:00000480       _pRawDllMain               0000000180011480     LIBCMT:dll_dllmain.obj
 0002:000004a0       ??_7exception@std@@6B@     00000001800114a0     LIBCMT:throw_bad_alloc.obj
 0002:000004b0       ??_C@_0BC@EOODALEL@Unknown?5exception?$AA@ 00000001800114b0     LIBCMT:throw_bad_alloc.obj
 0002:000004d0       ??_7bad_alloc@std@@6B@     00000001800114d0     LIBCMT:throw_bad_alloc.obj
 0002:000004e0       ??_C@_0P@GHFPNOJB@bad?5allocation?$AA@ 00000001800114e0     LIBCMT:throw_bad_alloc.obj
 0002:000004f8       ??_7bad_array_new_length@std@@6B@ 00000001800114f8     LIBCMT:throw_bad_alloc.obj
 0002:00000508       ??_C@_0BF@KINCDENJ@bad?5array?5new?5length?$AA@ 0000000180011508     LIBCMT:throw_bad_alloc.obj
 0002:00000528       ??_7type_info@@6B@         0000000180011528     LIBCMT:std_type_info_static.obj
 0002:00000538       ??_7logic_error@std@@6B@   0000000180011538     libcpmt:xthrow.obj
 0002:00000550       ??_7length_error@std@@6B@  0000000180011550     libcpmt:xthrow.obj
 0002:00000568       ??_7out_of_range@std@@6B@  0000000180011568     libcpmt:xthrow.obj
 0002:000005e0       ??_C@_1BC@DNHGCMLG@?$AAa?$AAd?$AAv?$AAa?$AAp?$AAi?$AA3?$AA2?$AA?$AA@ 00000001800115e0     libvcruntime:winapi_downlevel.obj
 0002:000005f8       ??_C@_1DM@KHCHBNEB@?$AAa?$AAp?$AAi?$AA?9?$AAm?$AAs?$AA?9?$AAw?$AAi?$AAn?$AA?9?$AAc?$AAo?$AAr?$AAe?$AA?9?$AAf?$AAi?$AAb?$AAe?$AAr?$AAs?$AA?9?$AAl?$AA1?$AA?9?$AA1?$AA?9?$AA1?$AA?$AA@ 00000001800115f8     libvcruntime:winapi_downlevel.obj
 0002:00000638       ??_C@_1DK@LPPGFMPP@?$AAa?$AAp?$AAi?$AA?9?$AAm?$AAs?$AA?9?$AAw?$AAi?$AAn?$AA?9?$AAc?$AAo?$AAr?$AAe?$AA?9?$AAs?$AAy?$AAn?$AAc?$AAh?$AA?9?$AAl?$AA1?$AA?9?$AA2?$AA?9?$AA0?$AA?$AA@ 0000000180011638     libvcruntime:winapi_downlevel.obj
 0002:00000678       ??_C@_1BC@GDMECMAK@?$AAk?$AAe?$AAr?$AAn?$AAe?$AAl?$AA3?$AA2?$AA?$AA@ 0000000180011678     libvcruntime:winapi_downlevel.obj
 0002:00000698       ??_C@_08KNHFBNJ@FlsAlloc?$AA@ 0000000180011698     libvcruntime:winapi_downlevel.obj
 0002:000006b0       ??_C@_07PEJMOBNF@FlsFree?$AA@ 00000001800116b0     libvcruntime:winapi_downlevel.obj
 0002:000006c0       ??_C@_0M@GDNOONDI@FlsGetValue?$AA@ 00000001800116c0     libvcruntime:winapi_downlevel.obj
 0002:000006d8       ??_C@_0M@JCPCPOEF@FlsSetValue?$AA@ 00000001800116d8     libvcruntime:winapi_downlevel.obj
 0002:000006f0       ??_C@_0BM@HCFOFFN@InitializeCriticalSectionEx?$AA@ 00000001800116f0     libvcruntime:winapi_downlevel.obj
 0002:00000a30       ??_C@_08EHJDFFNH@__based?$CI?$AA@ 0000000180011a30     libvcruntime:undname.obj
 0002:00000a40       ??_C@_07KOLFKCDI@__cdecl?$AA@ 0000000180011a40     libvcruntime:undname.obj
 0002:00000a48       ??_C@_08GHMPAG@__pascal?$AA@ 0000000180011a48     libvcruntime:undname.obj
 0002:00000a58       ??_C@_09IFJBGAPI@__stdcall?$AA@ 0000000180011a58     libvcruntime:undname.obj
 0002:00000a68       ??_C@_0L@NPHFGOKO@__thiscall?$AA@ 0000000180011a68     libvcruntime:undname.obj
 0002:00000a78       ??_C@_0L@JMKHOMEK@__fastcall?$AA@ 0000000180011a78     libvcruntime:undname.obj
 0002:00000a88       ??_C@_0N@BCKKPABJ@__vectorcall?$AA@ 0000000180011a88     libvcruntime:undname.obj
 0002:00000a98       ??_C@_09HIJEGCPM@__clrcall?$AA@ 0000000180011a98     libvcruntime:undname.obj
 0002:00000aa4       ??_C@_06GHPCKEAG@__eabi?$AA@ 0000000180011aa4     libvcruntime:undname.obj
 0002:00000ab0       ??_C@_07JOMMBBKO@__ptr64?$AA@ 0000000180011ab0     libvcruntime:undname.obj
 0002:00000ab8       ??_C@_0L@PILCLIHE@__restrict?$AA@ 0000000180011ab8     libvcruntime:undname.obj
 0002:00000ac8       ??_C@_0M@GFIIJFMG@__unaligned?$AA@ 0000000180011ac8     libvcruntime:undname.obj
 0002:00000ad8       ??_C@_09DHDLOLLB@restrict?$CI?$AA@ 0000000180011ad8     libvcruntime:undname.obj
 0002:00000ae2       ??_C@_00CNPNBAHC@?$AA@     0000000180011ae2     libvcruntime:undname.obj
 0002:00000ae4       ??_C@_04NIHEBCM@?5new?$AA@ 0000000180011ae4     libvcruntime:undname.obj
 0002:00000af0       ??_C@_07FPCDHGMM@?5delete?$AA@ 0000000180011af0     libvcruntime:undname.obj
 0002:00000af8       ??_C@_01NEMOKFLO@?$DN?$AA@ 0000000180011af8     libvcruntime:undname.obj
 0002:00000afc       ??_C@_02GPIOPFAK@?$DO?$DO?$AA@ 0000000180011afc     libvcruntime:undname.obj
 0002:00000b00       ??_C@_02FODMEDOG@?$DM?$DM?$AA@ 0000000180011b00     libvcruntime:undname.obj
 0002:00000b04       ??_C@_01DCLJPIOD@?$CB?$AA@ 0000000180011b04     libvcruntime:undname.obj
 0002:00000b08       ??_C@_02EGOFBIJA@?$DN?$DN?$AA@ 0000000180011b08     libvcruntime:undname.obj
 0002:00000b0c       ??_C@_02FDNJECIE@?$CB?$DN?$AA@ 0000000180011b0c     libvcruntime:undname.obj
 0002:00000b10       ??_C@_02GPECMEKF@?$FL?$FN?$AA@ 0000000180011b10     libvcruntime:undname.obj
 0002:00000b18       ??_C@_08LHJFAFGD@operator?$AA@ 0000000180011b18     libvcruntime:undname.obj
 0002:00000b24       ??_C@_02HBOOOICD@?9?$DO?$AA@ 0000000180011b24     libvcruntime:undname.obj
 0002:00000b28       ??_C@_01NBENCBCI@?$CK?$AA@ 0000000180011b28     libvcruntime:undname.obj
 0002:00000b2c       ??_C@_02ECNGHCIF@?$CL?$CL?$AA@ 0000000180011b2c     libvcruntime:undname.obj
 0002:00000b30       ??_C@_02BAABKJLB@?9?9?$AA@ 0000000180011b30     libvcruntime:undname.obj
 0002:00000b34       ??_C@_01JOAMLHOP@?9?$AA@   0000000180011b34     libvcruntime:undname.obj
 0002:00000b38       ??_C@_01MIFGBAGJ@?$CL?$AA@ 0000000180011b38     libvcruntime:undname.obj
 0002:00000b3c       ??_C@_01HNPIGOCE@?$CG?$AA@ 0000000180011b3c     libvcruntime:undname.obj
 0002:00000b40       ??_C@_03MNHNFDLC@?9?$DO?$CK?$AA@ 0000000180011b40     libvcruntime:undname.obj
 0002:00000b44       ??_C@_01KMDKNFGN@?1?$AA@   0000000180011b44     libvcruntime:undname.obj
 0002:00000b48       ??_C@_01FGNFDNOH@?$CF?$AA@ 0000000180011b48     libvcruntime:undname.obj
 0002:00000b4c       ??_C@_01MNNFJEPP@?$DM?$AA@ 0000000180011b4c     libvcruntime:undname.obj
 0002:00000b50       ??_C@_02EHCHHCKH@?$DM?$DN?$AA@ 0000000180011b50     libvcruntime:undname.obj
 0002:00000b54       ??_C@_01PPODPGHN@?$DO?$AA@ 0000000180011b54     libvcruntime:undname.obj
 0002:00000b58       ??_C@_02EEKDKGMJ@?$DO?$DN?$AA@ 0000000180011b58     libvcruntime:undname.obj
 0002:00000b5c       ??_C@_01IHBHIGKO@?0?$AA@   0000000180011b5c     libvcruntime:undname.obj
 0002:00000b60       ??_C@_02HCKGKOFO@?$CI?$CJ?$AA@ 0000000180011b60     libvcruntime:undname.obj
 0002:00000b64       ??_C@_01PJKLJHI@?$HO?$AA@  0000000180011b64     libvcruntime:undname.obj
 0002:00000b68       ??_C@_01JKBOJNNK@?$FO?$AA@ 0000000180011b68     libvcruntime:undname.obj
 0002:00000b6c       ??_C@_01DNKMNLPK@?$HM?$AA@ 0000000180011b6c     libvcruntime:undname.obj
 0002:00000b70       ??_C@_02PPKAJPJL@?$CG?$CG?$AA@ 0000000180011b70     libvcruntime:undname.obj
 0002:00000b74       ??_C@_02NONPIBCD@?$HM?$HM?$AA@ 0000000180011b74     libvcruntime:undname.obj
 0002:00000b78       ??_C@_02FPIMKNGF@?$CK?$DN?$AA@ 0000000180011b78     libvcruntime:undname.obj
 0002:00000b7c       ??_C@_02FOEOMHFC@?$CL?$DN?$AA@ 0000000180011b7c     libvcruntime:undname.obj
 0002:00000b80       ??_C@_02FKMDLLOA@?9?$DN?$AA@ 0000000180011b80     libvcruntime:undname.obj
 0002:00000b84       ??_C@_02FJEHGPIO@?1?$DN?$AA@ 0000000180011b84     libvcruntime:undname.obj
 0002:00000b88       ??_C@_02FENAOKFI@?$CF?$DN?$AA@ 0000000180011b88     libvcruntime:undname.obj
 0002:00000b8c       ??_C@_03IKFCCPFF@?$DO?$DO?$DN?$AA@ 0000000180011b8c     libvcruntime:undname.obj
 0002:00000b90       ??_C@_03CDNPDDLA@?$DM?$DM?$DN?$AA@ 0000000180011b90     libvcruntime:undname.obj
 0002:00000b94       ??_C@_02FGJGFEAB@?$CG?$DN?$AA@ 0000000180011b94     libvcruntime:undname.obj
 0002:00000b98       ??_C@_02DHLNPPGH@?$HM?$DN?$AA@ 0000000180011b98     libvcruntime:undname.obj
 0002:00000b9c       ??_C@_02MHEGNOJ@?$FO?$DN?$AA@ 0000000180011b9c     libvcruntime:undname.obj
 0002:00000ba0       ??_C@_09IFPLHPGF@?$GAvftable?8?$AA@ 0000000180011ba0     libvcruntime:undname.obj
 0002:00000bb0       ??_C@_09BLBHBJP@?$GAvbtable?8?$AA@ 0000000180011bb0     libvcruntime:undname.obj
 0002:00000bc0       ??_C@_07FEEIOKP@?$GAvcall?8?$AA@ 0000000180011bc0     libvcruntime:undname.obj
 0002:00000bc8       ??_C@_08LLFFHHDJ@?$GAtypeof?8?$AA@ 0000000180011bc8     libvcruntime:undname.obj
 0002:00000bd8       ??_C@_0BF@KDPPACIK@?$GAlocal?5static?5guard?8?$AA@ 0000000180011bd8     libvcruntime:undname.obj
 0002:00000bf0       ??_C@_08OBABFOLI@?$GAstring?8?$AA@ 0000000180011bf0     libvcruntime:undname.obj
 0002:00000c00       ??_C@_0BD@JDLKDPAB@?$GAvbase?5destructor?8?$AA@ 0000000180011c00     libvcruntime:undname.obj
 0002:00000c18       ??_C@_0BN@DEGPLNFK@?$GAvector?5deleting?5destructor?8?$AA@ 0000000180011c18     libvcruntime:undname.obj
 0002:00000c38       ??_C@_0BO@OBMKPJIG@?$GAdefault?5constructor?5closure?8?$AA@ 0000000180011c38     libvcruntime:undname.obj
 0002:00000c58       ??_C@_0BN@IMDCHIKM@?$GAscalar?5deleting?5destructor?8?$AA@ 0000000180011c58     libvcruntime:undname.obj
 0002:00000c78       ??_C@_0BO@PFGOCPJJ@?$GAvector?5constructor?5iterator?8?$AA@ 0000000180011c78     libvcruntime:undname.obj
 0002:00000c98       ??_C@_0BN@LFPFMEDL@?$GAvector?5destructor?5iterator?8?$AA@ 0000000180011c98     libvcruntime:undname.obj
 0002:00000cb8       ??_C@_0CE@IKBNEHA@?$GAvector?5vbase?5constructor?5iterat@ 0000000180011cb8     libvcruntime:undname.obj
 0002:00000ce0       ??_C@_0BL@NILFHHPC@?$GAvirtual?5displacement?5map?8?$AA@ 0000000180011ce0     libvcruntime:undname.obj
 0002:00000d00       ??_C@_0CB@JONCMFFK@?$GAeh?5vector?5constructor?5iterator?8@ 0000000180011d00     libvcruntime:undname.obj
 0002:00000d28       ??_C@_0CA@GCEOPDGL@?$GAeh?5vector?5destructor?5iterator?8?$AA@ 0000000180011d28     libvcruntime:undname.obj
 0002:00000d48       ??_C@_0CH@OOJPLCPH@?$GAeh?5vector?5vbase?5constructor?5ite@ 0000000180011d48     libvcruntime:undname.obj
 0002:00000d70       ??_C@_0BL@LLKPOHJI@?$GAcopy?5constructor?5closure?8?$AA@ 0000000180011d70     libvcruntime:undname.obj
 0002:00000d90       ??_C@_0BA@KBCDOMBN@?$GAudt?5returning?8?$AA@ 0000000180011d90     libvcruntime:undname.obj
 0002:00000da0       ??_C@_03KLGMFNMG@?$GAEH?$AA@ 0000000180011da0     libvcruntime:undname.obj
 0002:00000da4       ??_C@_05KHLCHHI@?$GARTTI?$AA@ 0000000180011da4     libvcruntime:undname.obj
 0002:00000db0       ??_C@_0BA@KKLDJDLB@?$GAlocal?5vftable?8?$AA@ 0000000180011db0     libvcruntime:undname.obj
 0002:00000dc0       ??_C@_0CE@IIHCMGGL@?$GAlocal?5vftable?5constructor?5closu@ 0000000180011dc0     libvcruntime:undname.obj
 0002:00000de4       ??_C@_06FHBGPFGH@?5new?$FL?$FN?$AA@ 0000000180011de4     libvcruntime:undname.obj
 0002:00000df0       ??_C@_09LBNFPBCA@?5delete?$FL?$FN?$AA@ 0000000180011df0     libvcruntime:undname.obj
 0002:00000e00       ??_C@_0P@HJKNJFNN@?$GAomni?5callsig?8?$AA@ 0000000180011e00     libvcruntime:undname.obj
 0002:00000e10       ??_C@_0BL@CNOONJFP@?$GAplacement?5delete?5closure?8?$AA@ 0000000180011e10     libvcruntime:undname.obj
 0002:00000e30       ??_C@_0BN@CKNJLHMB@?$GAplacement?5delete?$FL?$FN?5closure?8?$AA@ 0000000180011e30     libvcruntime:undname.obj
 0002:00000e50       ??_C@_0CG@CFDHKGGD@?$GAmanaged?5vector?5constructor?5iter@ 0000000180011e50     libvcruntime:undname.obj
 0002:00000e78       ??_C@_0CF@IMGKMJNO@?$GAmanaged?5vector?5destructor?5itera@ 0000000180011e78     libvcruntime:undname.obj
 0002:00000ea0       ??_C@_0CG@HLDDJMAG@?$GAeh?5vector?5copy?5constructor?5iter@ 0000000180011ea0     libvcruntime:undname.obj
 0002:00000ec8       ??_C@_0CM@FCBBDIGB@?$GAeh?5vector?5vbase?5copy?5constructo@ 0000000180011ec8     libvcruntime:undname.obj
 0002:00000ef8       ??_C@_0BL@CLIPGLGB@?$GAdynamic?5initializer?5for?5?8?$AA@ 0000000180011ef8     libvcruntime:undname.obj
 0002:00000f18       ??_C@_0CB@PDBIFEP@?$GAdynamic?5atexit?5destructor?5for?5?8@ 0000000180011f18     libvcruntime:undname.obj
 0002:00000f40       ??_C@_0CD@CGAJBKEJ@?$GAvector?5copy?5constructor?5iterato@ 0000000180011f40     libvcruntime:undname.obj
 0002:00000f68       ??_C@_0CJ@GJELGAMM@?$GAvector?5vbase?5copy?5constructor?5i@ 0000000180011f68     libvcruntime:undname.obj
 0002:00000f98       ??_C@_0CL@FGIJHLCE@?$GAmanaged?5vector?5copy?5constructor@ 0000000180011f98     libvcruntime:undname.obj
 0002:00000fc8       ??_C@_0BM@PMGGMLDN@?$GAlocal?5static?5thread?5guard?8?$AA@ 0000000180011fc8     libvcruntime:undname.obj
 0002:00000fe8       ??_C@_0N@BDNMDMOL@operator?5?$CC?$CC?5?$AA@ 0000000180011fe8     libvcruntime:undname.obj
 0002:00000ff8       ??_C@_0BC@DAFEJGAK@?5Type?5Descriptor?8?$AA@ 0000000180011ff8     libvcruntime:undname.obj
 0002:00001010       ??_C@_0BM@LDKODKLH@?5Base?5Class?5Descriptor?5at?5?$CI?$AA@ 0000000180012010     libvcruntime:undname.obj
 0002:00001030       ??_C@_0BD@LGICGFMM@?5Base?5Class?5Array?8?$AA@ 0000000180012030     libvcruntime:undname.obj
 0002:00001048       ??_C@_0BN@MECKDCOJ@?5Class?5Hierarchy?5Descriptor?8?$AA@ 0000000180012048     libvcruntime:undname.obj
 0002:00001068       ??_C@_0BK@CFCOFLF@?5Complete?5Object?5Locator?8?$AA@ 0000000180012068     libvcruntime:undname.obj
 0002:00001090       __acrt_exception_action_table 0000000180012090     libucrt:exception_filter.obj
 0002:00001150       __acrt_signal_action_table_count 0000000180012150     libucrt:exception_filter.obj
 0002:00001158       __acrt_signal_action_first_fpe_index 0000000180012158     libucrt:exception_filter.obj
 0002:00001160       __acrt_signal_action_fpe_count 0000000180012160     libucrt:exception_filter.obj
 0002:00001168       ??_C@_1BI@BGOHAHKC@?$AAm?$AAs?$AAc?$AAo?$AAr?$AAe?$AAe?$AA?4?$AAd?$AAl?$AAl?$AA?$AA@ 0000000180012168     libucrt:exit.obj
 0002:00001180       ??_C@_0P@MIGLKIOC@CorExitProcess?$AA@ 0000000180012180     libucrt:exit.obj
 0002:000013f0       __lc_time_c                00000001800123f0     libucrt:nlsdata.obj
 0002:000016b0       ??_C@_03KOEHGMDN@Sun?$AA@  00000001800126b0     libucrt:nlsdata.obj
 0002:000016b4       ??_C@_03PDAGKDH@Mon?$AA@   00000001800126b4     libucrt:nlsdata.obj
 0002:000016b8       ??_C@_03NAGEINEP@Tue?$AA@  00000001800126b8     libucrt:nlsdata.obj
 0002:000016bc       ??_C@_03MHOMLAJA@Wed?$AA@  00000001800126bc     libucrt:nlsdata.obj
 0002:000016c0       ??_C@_03IOFIKPDN@Thu?$AA@  00000001800126c0     libucrt:nlsdata.obj
 0002:000016c4       ??_C@_03IDIOELNC@Fri?$AA@  00000001800126c4     libucrt:nlsdata.obj
 0002:000016c8       ??_C@_03FEFJNEK@Sat?$AA@   00000001800126c8     libucrt:nlsdata.obj
 0002:000016cc       ??_C@_06OOPIFAJ@Sunday?$AA@ 00000001800126cc     libucrt:nlsdata.obj
 0002:000016d4       ??_C@_06JLEDEDGH@Monday?$AA@ 00000001800126d4     libucrt:nlsdata.obj
 0002:000016e0       ??_C@_07BAAGCFCM@Tuesday?$AA@ 00000001800126e0     libucrt:nlsdata.obj
 0002:000016e8       ??_C@_09DLIGFAKA@Wednesday?$AA@ 00000001800126e8     libucrt:nlsdata.obj
 0002:000016f8       ??_C@_08HACCIKIA@Thursday?$AA@ 00000001800126f8     libucrt:nlsdata.obj
 0002:00001704       ??_C@_06JECMNKMI@Friday?$AA@ 0000000180012704     libucrt:nlsdata.obj
 0002:00001710       ??_C@_08INBOOONO@Saturday?$AA@ 0000000180012710     libucrt:nlsdata.obj
 0002:0000171c       ??_C@_03JIHJHPIE@Jan?$AA@  000000018001271c     libucrt:nlsdata.obj
 0002:00001720       ??_C@_03HJBDCHOM@Feb?$AA@  0000000180012720     libucrt:nlsdata.obj
 0002:00001724       ??_C@_03ODNJBKGA@Mar?$AA@  0000000180012724     libucrt:nlsdata.obj
 0002:00001728       ??_C@_03LEOLGMJP@Apr?$AA@  0000000180012728     libucrt:nlsdata.obj
 0002:0000172c       ??_C@_03CNMDKL@May?$AA@    000000018001272c     libucrt:nlsdata.obj
 0002:00001730       ??_C@_03IDFGHECI@Jun?$AA@  0000000180012730     libucrt:nlsdata.obj
 0002:00001734       ??_C@_03LBGABGKK@Jul?$AA@  0000000180012734     libucrt:nlsdata.obj
 0002:00001738       ??_C@_03IFJFEIGA@Aug?$AA@  0000000180012738     libucrt:nlsdata.obj
 0002:0000173c       ??_C@_03GGCAPAJC@Sep?$AA@  000000018001273c     libucrt:nlsdata.obj
 0002:00001740       ??_C@_03BMAOKBAD@Oct?$AA@  0000000180012740     libucrt:nlsdata.obj
 0002:00001744       ??_C@_03JPJOFNIA@Nov?$AA@  0000000180012744     libucrt:nlsdata.obj
 0002:00001748       ??_C@_03MKABNOCG@Dec?$AA@  0000000180012748     libucrt:nlsdata.obj
 0002:00001750       ??_C@_07CGJPFGJA@January?$AA@ 0000000180012750     libucrt:nlsdata.obj
 0002:00001758       ??_C@_08GNJGEPFN@February?$AA@ 0000000180012758     libucrt:nlsdata.obj
 0002:00001764       ??_C@_05HPCKOFNC@March?$AA@ 0000000180012764     libucrt:nlsdata.obj
 0002:0000176c       ??_C@_05DMJDNLEJ@April?$AA@ 000000018001276c     libucrt:nlsdata.obj
 0002:00001774       ??_C@_04CNLMGBGM@June?$AA@ 0000000180012774     libucrt:nlsdata.obj
 0002:0000177c       ??_C@_04MIEPOIFP@July?$AA@ 000000018001277c     libucrt:nlsdata.obj
 0002:00001784       ??_C@_06LBBHFDDG@August?$AA@ 0000000180012784     libucrt:nlsdata.obj
 0002:00001790       ??_C@_09BHHEALKD@September?$AA@ 0000000180012790     libucrt:nlsdata.obj
 0002:000017a0       ??_C@_07JJNFCEND@October?$AA@ 00000001800127a0     libucrt:nlsdata.obj
 0002:000017a8       ??_C@_08HCHEGEOA@November?$AA@ 00000001800127a8     libucrt:nlsdata.obj
 0002:000017b8       ??_C@_08EDHMEBNP@December?$AA@ 00000001800127b8     libucrt:nlsdata.obj
 0002:000017c4       ??_C@_02DEDBPAFC@AM?$AA@   00000001800127c4     libucrt:nlsdata.obj
 0002:000017c8       ??_C@_02CJNFDJBF@PM?$AA@   00000001800127c8     libucrt:nlsdata.obj
 0002:000017d0       ??_C@_08BPBNCDIB@MM?1dd?1yy?$AA@ 00000001800127d0     libucrt:nlsdata.obj
[...]
 0004:00000b40       $pdata$??R<lambda_ad1ced32f4ac17aa236e5ef05d6b3b7c>@@QEBAXXZ 000000018001eb40     libucrt:mbctype.obj
 0004:00000b4c       $pdata$?getSystemCP@@YAHH@Z 000000018001eb4c     libucrt:mbctype.obj
 0004:00000b58       $pdata$?setSBCS@@YAXPEAU__crt_multibyte_data@@@Z 000000018001eb58     libucrt:mbctype.obj
 0004:00000b64       $pdata$?setSBUpLow@@YAXPEAU__crt_multibyte_data@@@Z 000000018001eb64     libucrt:mbctype.obj
 0004:00000b70       $pdata$?setmbcp_internal@@YAHH_N@Z 000000018001eb70     libucrt:mbctype.obj
 0004:00000b7c       $pdata$__acrt_initialize_multibyte 000000018001eb7c     libucrt:mbctype.obj
 0004:00000b88       $pdata$__acrt_update_thread_multibyte_data 000000018001eb88     libucrt:mbctype.obj
 0004:00000b94       $pdata$_setmbcp_nolock     000000018001eb94     libucrt:mbctype.obj
 0004:00000ba0       $pdata$?x_ismbbtype_l@@YAHPEAU__crt_locale_pointers@@IHH@Z 000000018001eba0     libucrt:ismbbyte.obj
 0004:00000bac       $pdata$__acrt_initialize_command_line 000000018001ebac     libucrt:argv_data.obj
 0004:00000bb8       $pdata$__dcrt_get_narrow_environment_from_os 000000018001ebb8     libucrt:get_environment_from_os.obj
 0004:00000bc4       $pdata$_recalloc_base      000000018001ebc4     libucrt:recalloc.obj
 0004:00000bd0       $pdata$__acrt_initialize_heap 000000018001ebd0     libucrt:heap_handle.obj
 0004:00000bdc       $pdata$?initialize_inherited_file_handles_nolock@@YAXXZ 000000018001ebdc     libucrt:ioinit.obj
 0004:00000be8       $pdata$?initialize_stdio_handles_nolock@@YAXXZ 000000018001ebe8     libucrt:ioinit.obj
 0004:00000bf4       $pdata$__acrt_initialize_lowio 000000018001ebf4     libucrt:ioinit.obj
 0004:00000c00       $pdata$__acrt_uninitialize_lowio 000000018001ec00     libucrt:ioinit.obj
 0004:00000c0c       $pdata$__acrt_execute_initializers 000000018001ec0c     libucrt:shared_initialization.obj
 0004:00000c18       $pdata$__acrt_execute_uninitializers 000000018001ec18     libucrt:shared_initialization.obj
 0004:00000c24       $pdata$??$?RV<lambda_c36588078e9f5dfd39652860aa6b3aaf>@@AEAV<lambda_ec61778202f4f5fc7e7711acc23c3bca>@@V<lambda_dc9d2797ccde5d239b4a0efae8ebd7db>@@@?$__crt_seh_guarded_call@P6AXH@Z@@QEAAP6AXH@Z$$QEAV<lambda_c36588078e9f5dfd39652860aa6b3aaf>@@AEAV<lambda_ec61778202f4f5fc7e7711acc23c3bca>@@$$QEAV<lambda_dc9d2797ccde5d239b4a0efae8ebd7db>@@@Z 000000018001ec24     libucrt:signal.obj
 0004:00000c30       $pdata$__acrt_get_sigabrt_handler 000000018001ec30     libucrt:signal.obj
 0004:00000c3c       $pdata$raise               000000018001ec3c     libucrt:signal.obj
 0004:00000c48       $pdata$__acrt_invoke_user_matherr 000000018001ec48     libucrt:matherr.obj
 0004:00000c54       $pdata$_mbtowc_l           000000018001ec54     libucrt:mbtowc.obj
 0004:00000c60       $pdata$_fileno             000000018001ec60     libucrt:fileno.obj
 0004:00000c6c       $pdata$__acrt_initialize_stdio 000000018001ec6c     libucrt:_file.obj
 0004:00000c78       $pdata$__acrt_uninitialize_stdio 000000018001ec78     libucrt:_file.obj
 0004:00000c84       $pdata$__pctype_func       000000018001ec84     libucrt:ctype.obj
 0004:00000c90       $pdata$_isctype_l          000000018001ec90     libucrt:isctype.obj
 0004:00000c9c       $pdata$__acrt_free_locale  000000018001ec9c     libucrt:locale_refcounting.obj
 0004:00000ca8       $pdata$__acrt_locale_free_lc_time_if_unreferenced 000000018001eca8     libucrt:locale_refcounting.obj
 0004:00000cb4       $pdata$__acrt_release_locale_ref 000000018001ecb4     libucrt:locale_refcounting.obj
 0004:00000cc0       $pdata$__acrt_update_thread_locale_data 000000018001ecc0     libucrt:locale_refcounting.obj
 0004:00000ccc       $pdata$_updatetlocinfoEx_nolock 000000018001eccc     libucrt:locale_refcounting.obj
 0004:00000cd8       $pdata$_isleadbyte_l       000000018001ecd8     libucrt:_wctype.obj
 0004:00000ce4       $pdata$?__acrt_LCMapStringA_stat@@YAHPEAU__crt_locale_pointers@@PEB_WKPEBDHPEADHHH@Z 000000018001ece4     libucrt:lcmapstringa.obj
 0004:00000cf0       $pdata$__acrt_LCMapStringA 000000018001ecf0     libucrt:lcmapstringa.obj
 0004:00000cfc       $pdata$__acrt_locale_free_monetary 000000018001ecfc     libucrt:initmon.obj
 0004:00000d08       $pdata$__acrt_locale_free_numeric 000000018001ed08     libucrt:initnum.obj
 0004:00000d14       $pdata$?free_crt_array_internal@@YAXQEAPEBX_K@Z 000000018001ed14     libucrt:inittime.obj
 0004:00000d20       $pdata$__acrt_locale_free_time 000000018001ed20     libucrt:inittime.obj
 0004:00000d2c       $pdata$__acrt_GetStringTypeA 000000018001ed2c     libucrt:getstringtypea.obj
 0004:00000d38       $pdata$?GetTableIndexFromLocaleName@@YAHPEB_W@Z 000000018001ed38     libucrt:lcidtoname_downlevel.obj
 0004:00000d44       $pdata$__acrt_DownlevelLocaleNameToLCID 000000018001ed44     libucrt:lcidtoname_downlevel.obj
 0004:00000d50       $pdata$?shortsort@@YAXPEAD0_KP6AHPEBX2@Z@Z 000000018001ed50     libucrt:qsort.obj
 0004:00000d5c       $pdata$2$?shortsort@@YAXPEAD0_KP6AHPEBX2@Z@Z 000000018001ed5c     libucrt:qsort.obj
 0004:00000d68       $pdata$3$?shortsort@@YAXPEAD0_KP6AHPEBX2@Z@Z 000000018001ed68     libucrt:qsort.obj
 0004:00000d74       $pdata$qsort               000000018001ed74     libucrt:qsort.obj
 0004:00000d80       $pdata$4$qsort             000000018001ed80     libucrt:qsort.obj
 0004:00000d8c       $pdata$5$qsort             000000018001ed8c     libucrt:qsort.obj
 0004:00000d98       $pdata$strncpy_s           000000018001ed98     libucrt:strncpy_s.obj
 0004:00000da4       $pdata$strpbrk             000000018001eda4     libucrt:strpbrk.obj
 0004:00000db0       $pdata$_mbsdec_l           000000018001edb0     libucrt:mbsdec.obj
 0004:00000dbc       $pdata$?initialize_multibyte@@YAHXZ 000000018001edbc     libucrt:multibyte_initializer.obj
 0004:00000dc8       $pdata$_msize              000000018001edc8     libucrt:msize.obj
 0004:00000dd4       $pdata$_realloc_base       000000018001edd4     libucrt:realloc_base.obj
 0004:00000de0       $pdata$__acrt_lowio_create_handle_array 000000018001ede0     libucrt:osfinfo.obj
 0004:00000dec       $pdata$__acrt_lowio_destroy_handle_array 000000018001edec     libucrt:osfinfo.obj
 0004:00000df8       $pdata$__acrt_lowio_ensure_fh_exists 000000018001edf8     libucrt:osfinfo.obj
 0004:00000e04       $pdata$_free_osfhnd        000000018001ee04     libucrt:osfinfo.obj
 0004:00000e10       $pdata$_get_osfhandle      000000018001ee10     libucrt:osfinfo.obj
 0004:00000e1c       $pdata$_isatty             000000018001ee1c     libucrt:isatty.obj
 0004:00000e28       $pdata$__acrt_stdio_flush_nolock 000000018001ee28     libucrt:fflush.obj
 0004:00000e34       $pdata$_fflush_nolock      000000018001ee34     libucrt:fflush.obj
 0004:00000e40       $pdata$common_flush_all    000000018001ee40     libucrt:fflush.obj
 0004:00000e4c       $pdata$_fcloseall          000000018001ee4c     libucrt:closeall.obj
 0004:00000e58       $pdata$__acrt_stdio_free_buffer_nolock 000000018001ee58     libucrt:_freebuf.obj
 0004:00000e64       $pdata$??$?RV<lambda_b521505b218e5242e90febf6bfebc422>@@AEAV<lambda_6978c1fb23f02e42e1d9e99668cc68aa>@@V<lambda_314360699dd331753a4119843814e9a7>@@@?$__crt_seh_guarded_call@H@@QEAAH$$QEAV<lambda_b521505b218e5242e90febf6bfebc422>@@AEAV<lambda_6978c1fb23f02e42e1d9e99668cc68aa>@@$$QEAV<lambda_314360699dd331753a4119843814e9a7>@@@Z 000000018001ee64     libucrt:commit.obj
 0004:00000e70       $pdata$_commit             000000018001ee70     libucrt:commit.obj
 0004:00000e7c       $pdata$?write_double_translated_ansi_nolock@@YA?AUwrite_result@?A0x9c548279@@HQEBDI@Z 000000018001ee7c     libucrt:write.obj
 0004:00000e88       $pdata$?write_text_ansi_nolock@@YA?AUwrite_result@?A0x9c548279@@HQEBDI@Z 000000018001ee88     libucrt:write.obj
 0004:00000e94       $pdata$?write_text_utf16le_nolock@@YA?AUwrite_result@?A0x9c548279@@HQEBDI@Z 000000018001ee94     libucrt:write.obj
 0004:00000ea0       $pdata$?write_text_utf8_nolock@@YA?AUwrite_result@?A0x9c548279@@HQEBDI@Z 000000018001eea0     libucrt:write.obj
 0004:00000eac       $pdata$_write              000000018001eeac     libucrt:write.obj
 0004:00000eb8       $pdata$_write_nolock       000000018001eeb8     libucrt:write.obj
 0004:00000ed0       $pdata$??$common_lseek_nolock@_J@@YA_JH_JH@Z 000000018001eed0     libucrt:lseek.obj
 0004:00000edc       $pdata$_fclose_nolock      000000018001eedc     libucrt:fclose.obj
 0004:00000ee8       $pdata$fclose              000000018001eee8     libucrt:fclose.obj
 0004:00000ef4       $pdata$_putwch_nolock      000000018001eef4     libucrt:putwch.obj
 0004:00000f00       $pdata$_call_matherr       000000018001ef00     libucrt:libm_error.obj
 0004:00000f0c       $pdata$_exception_enabled  000000018001ef0c     libucrt:libm_error.obj
 0004:00000f18       $pdata$_handle_error       000000018001ef18     libucrt:libm_error.obj
 0004:00000f24       $pdata$__acrt_initialize_fma3 000000018001ef24     libucrt:fma3_available.obj
 0004:00000f30       $pdata$_log10_special      000000018001ef30     libucrt:log_special.obj
 0004:00000f3c       $pdata$_log_special_common 000000018001ef3c     libucrt:log_special.obj
 0004:00000f48       $pdata$??$?RV<lambda_bfedae4ebbf01fab1bb6dcc6a9e276e0>@@AEAV<lambda_2fe9b910cf3cbf4a0ab98a02ba45b3ec>@@V<lambda_237c231691f317818eb88cc1d5d642d6>@@@?$__crt_seh_guarded_call@H@@QEAAH$$QEAV<lambda_bfedae4ebbf01fab1bb6dcc6a9e276e0>@@AEAV<lambda_2fe9b910cf3cbf4a0ab98a02ba45b3ec>@@$$QEAV<lambda_237c231691f317818eb88cc1d5d642d6>@@@Z 000000018001ef48     libucrt:close.obj
 0004:00000f54       $pdata$_close              000000018001ef54     libucrt:close.obj
 0004:00000f60       $pdata$_close_nolock       000000018001ef60     libucrt:close.obj
 0004:00000f6c       $pdata$__dcrt_lowio_initialize_console_output 000000018001ef6c     libucrt:initcon.obj
 0004:00000f78       $pdata$__dcrt_terminate_console_output 000000018001ef78     libucrt:initcon.obj
 0004:00000f90       $pdata$_raise_exc          000000018001ef90     libucrt:fpexcept.obj
 0004:00000f9c       $pdata$_raise_exc_ex       000000018001ef9c     libucrt:fpexcept.obj
 0004:00000fa8       $pdata$_set_errno_from_matherr 000000018001efa8     libucrt:fpexcept.obj
 0004:00000fb4       $pdata$_clrfp              000000018001efb4     libucrt:fpctrl.obj
 0004:00000fc0       $pdata$_ctrlfp             000000018001efc0     libucrt:fpctrl.obj
 0004:00000fcc       $pdata$_set_statfp         000000018001efcc     libucrt:fpctrl.obj
 0004:00000fd8       $pdata$_statfp             000000018001efd8     libucrt:fpctrl.obj
 0004:00000fe4       $pdata$?DloadAcquireSectionWriteAccess@@YAXXZ 000000018001efe4     DelayImp:delayhlp.obj
 0004:00000ff0       $pdata$?DloadGetSRWLockFunctionPointers@@YAEXZ 000000018001eff0     DelayImp:delayhlp.obj
 0004:00000ffc       $pdata$?DloadMakePermanentImageCommit@@YAXPEAX_K@Z 000000018001effc     DelayImp:delayhlp.obj
 0004:00001008       $pdata$?DloadObtainSection@@YAPEAXPEAK0@Z 000000018001f008     DelayImp:delayhlp.obj
 0004:00001014       $pdata$?DloadProtectSection@@YAXKPEAK@Z 000000018001f014     DelayImp:delayhlp.obj
 0004:00001020       $pdata$?DloadReleaseSectionWriteAccess@@YAXXZ 000000018001f020     DelayImp:delayhlp.obj
 0004:0000102c       $pdata$__delayLoadHelper2  000000018001f02c     DelayImp:delayhlp.obj
 0004:00001038       $pdata$_IsNonwritableInCurrentImage 000000018001f038     LIBCMT:pesect.obj
 0004:00001068       $pdata$?fin$0@?0??dllmain_crt_process_attach@@YAHQEAUHINSTANCE__@@QEAX@Z@4HA 000000018001f068     LIBCMT:dll_dllmain.obj
 0004:00001074       $pdata$?fin$0@?0??dllmain_crt_process_detach@@YAH_N@Z@4HA 000000018001f074     LIBCMT:dll_dllmain.obj
 0004:00001080       $pdata$?filt$0@?0??dllmain_dispatch@@YAHQEAUHINSTANCE__@@KQEAX@Z@4HA 000000018001f080     LIBCMT:dll_dllmain.obj
 0004:0000108c       $pdata$__scrt_is_nonwritable_in_current_image$filt$0 000000018001f08c     LIBCMT:utility.obj
 0004:00001098       $pdata$_query_new_handler$fin$0 000000018001f098     libucrt:new_handler.obj
 0004:000010a4       $pdata$?filt$0@?0??common_exit@@YAXHW4_crt_exit_cleanup_mode@@W4_crt_exit_return_mode@@@Z@4HA 000000018001f0a4     libucrt:exit.obj
 0004:000010b0       $pdata$?fin$1@?0??common_exit@@YAXHW4_crt_exit_cleanup_mode@@W4_crt_exit_return_mode@@@Z@4HA 000000018001f0b0     libucrt:exit.obj
 0004:000010bc       $pdata$?fin$0@?0???$?RV<lambda_e24bbb7b643b32fcea6fa61b31d4c984>@@AEAV<lambda_275893d493268fdec8709772e3fcec0e>@@V<lambda_9d71df4d7cf3f480f8d633942495c3b0>@@@?$__crt_seh_guarded_call@H@@QEAAH$$QEAV<lambda_e24bbb7b643b32fcea6fa61b31d4c984>@@AEAV<lambda_275893d493268fdec8709772e3fcec0e>@@$$QEAV<lambda_9d71df4d7cf3f480f8d633942495c3b0>@@@Z@4HA 000000018001f0bc     libucrt:onexit.obj
 0004:000010c8       $pdata$?fin$0@?0???$?RV<lambda_fb3a7dec4e47f37f22dae91bb15c9095>@@AEAV<lambda_698284760c8add0bfb0756c19673e34b>@@V<lambda_dfb8eca1e75fef3034a8fb18dd509707>@@@?$__crt_seh_guarded_call@X@@QEAAX$$QEAV<lambda_fb3a7dec4e47f37f22dae91bb15c9095>@@AEAV<lambda_698284760c8add0bfb0756c19673e34b>@@$$QEAV<lambda_dfb8eca1e75fef3034a8fb18dd509707>@@@Z@4HA 000000018001f0c8     libucrt:per_thread_data.obj
 0004:000010c8       $pdata$?fin$0@?0???$?RV<lambda_46352004c1216016012b18bd6f87e700>@@AEAV<lambda_3bd07e1a1191394380780325891bf33f>@@V<lambda_334532d3f185bcaa59b5be82d7d22bff>@@@?$__crt_seh_guarded_call@X@@QEAAX$$QEAV<lambda_46352004c1216016012b18bd6f87e700>@@AEAV<lambda_3bd07e1a1191394380780325891bf33f>@@$$QEAV<lambda_334532d3f185bcaa59b5be82d7d22bff>@@@Z@4HA 000000018001f0c8     libucrt:per_thread_data.obj
 0004:000010c8       $pdata$?fin$0@?0???$?RV<lambda_99476a1ad63dd22509b5d3e65b0ffc95>@@AEAV<lambda_ad1ced32f4ac17aa236e5ef05d6b3b7c>@@V<lambda_f7424dd8d45958661754dc4f2697e9c3>@@@?$__crt_seh_guarded_call@X@@QEAAX$$QEAV<lambda_99476a1ad63dd22509b5d3e65b0ffc95>@@AEAV<lambda_ad1ced32f4ac17aa236e5ef05d6b3b7c>@@$$QEAV<lambda_f7424dd8d45958661754dc4f2697e9c3>@@@Z@4HA 000000018001f0c8     libucrt:mbctype.obj
 0004:000010c8       $pdata$?fin$0@?0???$?RV<lambda_5e887d1dcbef67a5eb4283622ba103bf>@@AEAV<lambda_4466841279450cc726390878d4a41900>@@V<lambda_341c25c0346d94847f1f3c463c57e077>@@@?$__crt_seh_guarded_call@X@@QEAAX$$QEAV<lambda_5e887d1dcbef67a5eb4283622ba103bf>@@AEAV<lambda_4466841279450cc726390878d4a41900>@@$$QEAV<lambda_341c25c0346d94847f1f3c463c57e077>@@@Z@4HA 000000018001f0c8     libucrt:per_thread_data.obj
 0004:000010c8       $pdata$?fin$0@?0???$?RV<lambda_72d1df2b273a38828b1ce30cbf4cdab5>@@AEAV<lambda_876a65b173b8412d3a47c70a915b0cf4>@@V<lambda_41932305e351933ebe8f8be3ed8bb5dc>@@@?$__crt_seh_guarded_call@X@@QEAAX$$QEAV<lambda_72d1df2b273a38828b1ce30cbf4cdab5>@@AEAV<lambda_876a65b173b8412d3a47c70a915b0cf4>@@$$QEAV<lambda_41932305e351933ebe8f8be3ed8bb5dc>@@@Z@4HA 000000018001f0c8     libucrt:per_thread_data.obj
 0004:000010c8       $pdata$?fin$0@?0???$?RV<lambda_c36588078e9f5dfd39652860aa6b3aaf>@@AEAV<lambda_ec61778202f4f5fc7e7711acc23c3bca>@@V<lambda_dc9d2797ccde5d239b4a0efae8ebd7db>@@@?$__crt_seh_guarded_call@P6AXH@Z@@QEAAP6AXH@Z$$QEAV<lambda_c36588078e9f5dfd39652860aa6b3aaf>@@AEAV<lambda_ec61778202f4f5fc7e7711acc23c3bca>@@$$QEAV<lambda_dc9d2797ccde5d239b4a0efae8ebd7db>@@@Z@4HA 000000018001f0c8     libucrt:signal.obj
 0004:000010c8       $pdata$?fin$0@?0???$?RV<lambda_b8c45f8f788dd370798f47cfe8ac3a86>@@AEAV<lambda_4e60a939b0d047cfe11ddc22648dfba9>@@V<lambda_332c3edc96d0294ec56c57d38c1cdfd5>@@@?$__crt_seh_guarded_call@H@@QEAAH$$QEAV<lambda_b8c45f8f788dd370798f47cfe8ac3a86>@@AEAV<lambda_4e60a939b0d047cfe11ddc22648dfba9>@@$$QEAV<lambda_332c3edc96d0294ec56c57d38c1cdfd5>@@@Z@4HA 000000018001f0c8     libucrt:onexit.obj
 0004:000010d4       $pdata$__acrt_update_thread_multibyte_data$fin$0 000000018001f0d4     libucrt:mbctype.obj
 0004:000010e0       $pdata$raise$fin$0         000000018001f0e0     libucrt:signal.obj
 0004:000010ec       $pdata$__acrt_uninitialize_locale$fin$0 000000018001f0ec     libucrt:wsetlocale.obj
 0004:000010ec       $pdata$__acrt_update_thread_locale_data$fin$0 000000018001f0ec     libucrt:locale_refcounting.obj
 0004:000010f8       $pdata$__acrt_lowio_ensure_fh_exists$fin$0 000000018001f0f8     libucrt:osfinfo.obj
 0004:000010f8       $pdata$__acrt_initialize_lowio$fin$0 000000018001f0f8     libucrt:ioinit.obj
 0004:00001104       $pdata$common_flush_all$fin$0 000000018001f104     libucrt:fflush.obj
 0004:00001110       $pdata$common_flush_all$fin$1 000000018001f110     libucrt:fflush.obj
 0004:0000111c       $pdata$_fcloseall$fin$0    000000018001f11c     libucrt:closeall.obj
 0004:00001128       $pdata$_write$fin$0        000000018001f128     libucrt:write.obj
 0004:00001134       $pdata$fclose$fin$0        000000018001f134     libucrt:fclose.obj
 0004:00001140       $pdata$?fin$0@?0???$?RV<lambda_bfedae4ebbf01fab1bb6dcc6a9e276e0>@@AEAV<lambda_2fe9b910cf3cbf4a0ab98a02ba45b3ec>@@V<lambda_237c231691f317818eb88cc1d5d642d6>@@@?$__crt_seh_guarded_call@H@@QEAAH$$QEAV<lambda_bfedae4ebbf01fab1bb6dcc6a9e276e0>@@AEAV<lambda_2fe9b910cf3cbf4a0ab98a02ba45b3ec>@@$$QEAV<lambda_237c231691f317818eb88cc1d5d642d6>@@@Z@4HA 000000018001f140     libucrt:close.obj
 0004:00001140       $pdata$?fin$0@?0???$?RV<lambda_b521505b218e5242e90febf6bfebc422>@@AEAV<lambda_6978c1fb23f02e42e1d9e99668cc68aa>@@V<lambda_314360699dd331753a4119843814e9a7>@@@?$__crt_seh_guarded_call@H@@QEAAH$$QEAV<lambda_b521505b218e5242e90febf6bfebc422>@@AEAV<lambda_6978c1fb23f02e42e1d9e99668cc68aa>@@$$QEAV<lambda_314360699dd331753a4119843814e9a7>@@@Z@4HA 000000018001f140     libucrt:commit.obj
 0004:0000114c       $pdata$_ctrlfp$filt$0      000000018001f14c     libucrt:fpctrl.obj
 0004:00001158       $pdata$_IsNonwritableInCurrentImage$filt$0 000000018001f158     LIBCMT:pesect.obj
 0005:00000000       __guard_fids__             0000000180020000     libucrt:initialization.obj
 0005:00000060       __guard_fids___acrt_initialize_ptd 0000000180020060     libucrt:per_thread_data.obj
 0005:00000064       __guard_fids_??$expand_argument_wildcards@D@@YAHQEAD0AEAV?$argument_list@D@?A0xca0879c4@@@Z 0000000180020064     libucrt:argv_wildcards.obj
 0005:00000068       __guard_fids__             0000000180020068     libucrt:locale_initializer.obj
 0005:0000006c       __guard_fids__             000000018002006c     libucrt:multibyte_initializer.obj
 0005:00000070       __guard_fids__             0000000180020070     libucrt:stdio_initializer.obj
 0005:00000074       __guard_fids__             0000000180020074     libucrt:stdio_initializer.obj
 0005:00000078       __guard_fids__             0000000180020078     libucrt:fma3_initializer.obj
 0005:0000007c       __guard_fids__             000000018002007c     libucrt:console_output_initializer.obj
 0005:00000080       __guard_fids_?dllmain_crt_process_attach@@YAHQEAUHINSTANCE__@@QEAX@Z 0000000180020080     LIBCMT:dll_dllmain.obj
 0005:00000088       __guard_fids_?dllmain_dispatch@@YAHQEAUHINSTANCE__@@KQEAX@Z 0000000180020088     LIBCMT:dll_dllmain.obj
 0005:0000008c       __guard_fids__             000000018002008c     LIBCMT:throw_bad_alloc.obj
 0005:00000094       __guard_fids__             0000000180020094     LIBCMT:throw_bad_alloc.obj
 0005:0000009c       __guard_fids__             000000018002009c     LIBCMT:throw_bad_alloc.obj
 0005:000000a4       __guard_fids__             00000001800200a4     LIBCMT:std_type_info_static.obj
 0005:000000a8       __guard_fids__             00000001800200a8     LIBCMT:guard_support.obj
 0005:000000ac       __guard_fids__             00000001800200ac     libcpmt:xthrow.obj
 0005:000000b4       __guard_fids__             00000001800200b4     libcpmt:xthrow.obj
 0005:000000bc       __guard_fids__             00000001800200bc     libcpmt:xthrow.obj
 0005:000000c4       __guard_fids___vcrt_initialize_ptd 00000001800200c4     libvcruntime:per_thread_data.obj
 0006:00000060       $R000000                   0000000180021060     * linker generated manifest res *

 Exports

  ordinal    name

        1    _register_addon_
